Component: Arm Compiler for Embedded 6.22 Tool: armlink [5ee90200]

==============================================================================

Section Cross References

    startup_stm32l073xx.o(STACK) refers (Special) to heapauxi.o(.text) for __use_two_region_memory
    startup_stm32l073xx.o(HEAP) refers (Special) to heapauxi.o(.text) for __use_two_region_memory
    startup_stm32l073xx.o(RESET) refers (Special) to heapauxi.o(.text) for __use_two_region_memory
    startup_stm32l073xx.o(RESET) refers to startup_stm32l073xx.o(STACK) for __initial_sp
    startup_stm32l073xx.o(RESET) refers to startup_stm32l073xx.o(.text) for Reset_Handler
    startup_stm32l073xx.o(RESET) refers to stm32l0xx_it.o(.text.NMI_Handler) for NMI_Handler
    startup_stm32l073xx.o(RESET) refers to stm32l0xx_it.o(.text.HardFault_Handler) for HardFault_Handler
    startup_stm32l073xx.o(RESET) refers to stm32l0xx_it.o(.text.SVC_Handler) for SVC_Handler
    startup_stm32l073xx.o(RESET) refers to stm32l0xx_it.o(.text.PendSV_Handler) for PendSV_Handler
    startup_stm32l073xx.o(RESET) refers to stm32l0xx_it.o(.text.SysTick_Handler) for SysTick_Handler
    startup_stm32l073xx.o(RESET) refers to stm32l0xx_it.o(.text.TIM2_IRQHandler) for TIM2_IRQHandler
    startup_stm32l073xx.o(RESET) refers to stm32l0xx_it.o(.text.TIM3_IRQHandler) for TIM3_IRQHandler
    startup_stm32l073xx.o(RESET) refers to stm32l0xx_it.o(.text.TIM6_DAC_IRQHandler) for TIM6_DAC_IRQHandler
    startup_stm32l073xx.o(.text) refers (Special) to heapauxi.o(.text) for __use_two_region_memory
    startup_stm32l073xx.o(.text) refers to system_stm32l0xx.o(.text.SystemInit) for SystemInit
    startup_stm32l073xx.o(.text) refers to __main.o(!!!main) for __main
    startup_stm32l073xx.o(.text) refers to startup_stm32l073xx.o(HEAP) for Heap_Mem
    startup_stm32l073xx.o(.text) refers to startup_stm32l073xx.o(STACK) for Stack_Mem
    ssd1306.o(.ARM.exidx.text.ssd1306_Reset) refers to ssd1306.o(.text.ssd1306_Reset) for [Anonymous Symbol]
    ssd1306.o(.text.ssd1306_WriteCommand) refers to stm32l0xx_hal_i2c.o(.text.HAL_I2C_Mem_Write) for HAL_I2C_Mem_Write
    ssd1306.o(.text.ssd1306_WriteCommand) refers to main.o(.bss.hi2c1) for hi2c1
    ssd1306.o(.ARM.exidx.text.ssd1306_WriteCommand) refers to ssd1306.o(.text.ssd1306_WriteCommand) for [Anonymous Symbol]
    ssd1306.o(.text.ssd1306_WriteData) refers to stm32l0xx_hal_i2c.o(.text.HAL_I2C_Mem_Write) for HAL_I2C_Mem_Write
    ssd1306.o(.text.ssd1306_WriteData) refers to main.o(.bss.hi2c1) for hi2c1
    ssd1306.o(.ARM.exidx.text.ssd1306_WriteData) refers to ssd1306.o(.text.ssd1306_WriteData) for [Anonymous Symbol]
    ssd1306.o(.text.ssd1306_FillBuffer) refers to rt_memcpy.o(.text) for __aeabi_memcpy
    ssd1306.o(.text.ssd1306_FillBuffer) refers to ssd1306.o(.bss.SSD1306_Buffer) for [Anonymous Symbol]
    ssd1306.o(.ARM.exidx.text.ssd1306_FillBuffer) refers to ssd1306.o(.text.ssd1306_FillBuffer) for [Anonymous Symbol]
    ssd1306.o(.text.ssd1306_Init) refers to ssd1306.o(.text.ssd1306_Reset) for ssd1306_Reset
    ssd1306.o(.text.ssd1306_Init) refers to stm32l0xx_hal.o(.text.HAL_Delay) for HAL_Delay
    ssd1306.o(.text.ssd1306_Init) refers to ssd1306.o(.text.ssd1306_SetDisplayOn) for ssd1306_SetDisplayOn
    ssd1306.o(.text.ssd1306_Init) refers to ssd1306.o(.text.ssd1306_WriteCommand) for ssd1306_WriteCommand
    ssd1306.o(.text.ssd1306_Init) refers to ssd1306.o(.text.ssd1306_SetContrast) for ssd1306_SetContrast
    ssd1306.o(.text.ssd1306_Init) refers to ssd1306.o(.text.ssd1306_Fill) for ssd1306_Fill
    ssd1306.o(.text.ssd1306_Init) refers to ssd1306.o(.text.ssd1306_UpdateScreen) for ssd1306_UpdateScreen
    ssd1306.o(.text.ssd1306_Init) refers to ssd1306.o(.bss.SSD1306) for [Anonymous Symbol]
    ssd1306.o(.ARM.exidx.text.ssd1306_Init) refers to ssd1306.o(.text.ssd1306_Init) for [Anonymous Symbol]
    ssd1306.o(.text.ssd1306_SetDisplayOn) refers to ssd1306.o(.text.ssd1306_WriteCommand) for ssd1306_WriteCommand
    ssd1306.o(.text.ssd1306_SetDisplayOn) refers to ssd1306.o(.bss.SSD1306) for [Anonymous Symbol]
    ssd1306.o(.ARM.exidx.text.ssd1306_SetDisplayOn) refers to ssd1306.o(.text.ssd1306_SetDisplayOn) for [Anonymous Symbol]
    ssd1306.o(.text.ssd1306_SetContrast) refers to ssd1306.o(.text.ssd1306_WriteCommand) for ssd1306_WriteCommand
    ssd1306.o(.ARM.exidx.text.ssd1306_SetContrast) refers to ssd1306.o(.text.ssd1306_SetContrast) for [Anonymous Symbol]
    ssd1306.o(.text.ssd1306_Fill) refers to aeabi_memset.o(.text) for __aeabi_memset
    ssd1306.o(.text.ssd1306_Fill) refers to ssd1306.o(.bss.SSD1306_Buffer) for [Anonymous Symbol]
    ssd1306.o(.ARM.exidx.text.ssd1306_Fill) refers to ssd1306.o(.text.ssd1306_Fill) for [Anonymous Symbol]
    ssd1306.o(.text.ssd1306_UpdateScreen) refers to ssd1306.o(.text.ssd1306_WriteCommand) for ssd1306_WriteCommand
    ssd1306.o(.text.ssd1306_UpdateScreen) refers to ssd1306.o(.text.ssd1306_WriteData) for ssd1306_WriteData
[...]
    __arm_cp.9_0                             0x08005634   Number         4  stm32l0xx_hal_cortex.o(.text.SysTick_Config)
    __arm_cp.9_1                             0x08005638   Number         4  stm32l0xx_hal_cortex.o(.text.SysTick_Config)
    __arm_cp.9_2                             0x0800563c   Number         4  stm32l0xx_hal_cortex.o(.text.SysTick_Config)
    [Anonymous Symbol]                       0x08005640   Section        0  stm32l0xx_it.o(.text.SysTick_Handler)
    [Anonymous Symbol]                       0x08005648   Section        0  main.o(.text.SystemClock_Config)
    __arm_cp.7_0                             0x080056ec   Number         4  main.o(.text.SystemClock_Config)
    [Anonymous Symbol]                       0x080056f0   Section        0  system_stm32l0xx.o(.text.SystemInit)
    [Anonymous Symbol]                       0x080056f4   Section        0  stm32l0xx_it.o(.text.TIM2_IRQHandler)
    __arm_cp.5_0                             0x08005700   Number         4  stm32l0xx_it.o(.text.TIM2_IRQHandler)
    [Anonymous Symbol]                       0x08005704   Section        0  stm32l0xx_it.o(.text.TIM3_IRQHandler)
    __arm_cp.6_0                             0x08005710   Number         4  stm32l0xx_it.o(.text.TIM3_IRQHandler)
    [Anonymous Symbol]                       0x08005714   Section        0  stm32l0xx_it.o(.text.TIM6_DAC_IRQHandler)
    __arm_cp.7_0                             0x08005720   Number         4  stm32l0xx_it.o(.text.TIM6_DAC_IRQHandler)
    TIM_Base_SetConfig                       0x08005725   Thumb Code   196  stm32l0xx_hal_tim.o(.text.TIM_Base_SetConfig)
    [Anonymous Symbol]                       0x08005724   Section        0  stm32l0xx_hal_tim.o(.text.TIM_Base_SetConfig)
    __arm_cp.2_0                             0x080057e8   Number         4  stm32l0xx_hal_tim.o(.text.TIM_Base_SetConfig)
    __arm_cp.2_2                             0x080057ec   Number         4  stm32l0xx_hal_tim.o(.text.TIM_Base_SetConfig)
    TIM_CCxChannelCmd                        0x080057f1   Thumb Code    50  stm32l0xx_hal_tim.o(.text.TIM_CCxChannelCmd)
    [Anonymous Symbol]                       0x080057f0   Section        0  stm32l0xx_hal_tim.o(.text.TIM_CCxChannelCmd)
    TIM_TI1_SetConfig                        0x08005825   Thumb Code   180  stm32l0xx_hal_tim.o(.text.TIM_TI1_SetConfig)
    [Anonymous Symbol]                       0x08005824   Section        0  stm32l0xx_hal_tim.o(.text.TIM_TI1_SetConfig)
    __arm_cp.79_0                            0x080058d8   Number         4  stm32l0xx_hal_tim.o(.text.TIM_TI1_SetConfig)
    __arm_cp.79_1                            0x080058dc   Number         4  stm32l0xx_hal_tim.o(.text.TIM_TI1_SetConfig)
    __arm_cp.79_2                            0x080058e0   Number         4  stm32l0xx_hal_tim.o(.text.TIM_TI1_SetConfig)
    TIM_TI2_SetConfig                        0x080058e5   Thumb Code   110  stm32l0xx_hal_tim.o(.text.TIM_TI2_SetConfig)
    [Anonymous Symbol]                       0x080058e4   Section        0  stm32l0xx_hal_tim.o(.text.TIM_TI2_SetConfig)
    TIM_TI3_SetConfig                        0x08005953   Thumb Code   108  stm32l0xx_hal_tim.o(.text.TIM_TI3_SetConfig)
    [Anonymous Symbol]                       0x08005952   Section        0  stm32l0xx_hal_tim.o(.text.TIM_TI3_SetConfig)
    TIM_TI4_SetConfig                        0x080059bf   Thumb Code   114  stm32l0xx_hal_tim.o(.text.TIM_TI4_SetConfig)
    [Anonymous Symbol]                       0x080059be   Section        0  stm32l0xx_hal_tim.o(.text.TIM_TI4_SetConfig)
    [Anonymous Symbol]                       0x08005a30   Section        0  main.o(.text.TriggerSensor1)
    __arm_cp.2_0                             0x08005a64   Number         4  main.o(.text.TriggerSensor1)
    [Anonymous Symbol]                       0x08005a68   Section        0  main.o(.text.TriggerSensor2)
    __arm_cp.3_0                             0x08005a9c   Number         4  main.o(.text.TriggerSensor2)
    [Anonymous Symbol]                       0x08005aa0   Section        0  stm32l0xx_hal_uart.o(.text.UART_AdvFeatureConfig)
    [Anonymous Symbol]                       0x08005bfc   Section        0  stm32l0xx_hal_uart.o(.text.UART_CheckIdleState)
    __arm_cp.4_0                             0x08005d54   Number         4  stm32l0xx_hal_uart.o(.text.UART_CheckIdleState)
    UART_EndRxTransfer                       0x08005d59   Thumb Code   176  stm32l0xx_hal_uart.o(.text.UART_EndRxTransfer)
    [Anonymous Symbol]                       0x08005d58   Section        0  stm32l0xx_hal_uart.o(.text.UART_EndRxTransfer)
    [Anonymous Symbol]                       0x08005e08   Section        0  stm32l0xx_hal_uart.o(.text.UART_SetConfig)
    __arm_cp.3_16                            0x0800621c   Number         4  stm32l0xx_hal_uart.o(.text.UART_SetConfig)
    __arm_cp.3_17                            0x08006254   Number         4  stm32l0xx_hal_uart.o(.text.UART_SetConfig)
    __arm_cp.3_0                             0x080062ec   Number         4  stm32l0xx_hal_uart.o(.text.UART_SetConfig)
    __arm_cp.3_3                             0x080062f0   Number         4  stm32l0xx_hal_uart.o(.text.UART_SetConfig)
    __arm_cp.3_4                             0x080062f4   Number         4  stm32l0xx_hal_uart.o(.text.UART_SetConfig)
    __arm_cp.3_5                             0x080062f8   Number         4  stm32l0xx_hal_uart.o(.text.UART_SetConfig)
    __arm_cp.3_6                             0x080062fc   Number         4  stm32l0xx_hal_uart.o(.text.UART_SetConfig)
    __arm_cp.3_7                             0x08006300   Number         4  stm32l0xx_hal_uart.o(.text.UART_SetConfig)
    __arm_cp.3_8                             0x08006304   Number         4  stm32l0xx_hal_uart.o(.text.UART_SetConfig)
    __arm_cp.3_9                             0x08006308   Number         4  stm32l0xx_hal_uart.o(.text.UART_SetConfig)
    [Anonymous Symbol]                       0x0800630c   Section        0  stm32l0xx_hal_uart.o(.text.UART_WaitOnFlagUntilTimeout)
    __NVIC_EnableIRQ                         0x08006415   Thumb Code    40  stm32l0xx_hal_cortex.o(.text.__NVIC_EnableIRQ)
    [Anonymous Symbol]                       0x08006414   Section        0  stm32l0xx_hal_cortex.o(.text.__NVIC_EnableIRQ)
    __arm_cp.3_0                             0x0800643c   Number         4  stm32l0xx_hal_cortex.o(.text.__NVIC_EnableIRQ)
    __NVIC_SetPriority                       0x08006441   Thumb Code   124  stm32l0xx_hal_cortex.o(.text.__NVIC_SetPriority)
    [Anonymous Symbol]                       0x08006440   Section        0  stm32l0xx_hal_cortex.o(.text.__NVIC_SetPriority)
    __arm_cp.1_0                             0x080064bc   Number         4  stm32l0xx_hal_cortex.o(.text.__NVIC_SetPriority)
    __arm_cp.1_1                             0x080064c0   Number         4  stm32l0xx_hal_cortex.o(.text.__NVIC_SetPriority)
    [Anonymous Symbol]                       0x080064c4   Section        0  main.o(.text.delay)
    [Anonymous Symbol]                       0x080064ec   Section        0  main.o(.text.main)
    __arm_cp.6_0                             0x08006538   Number         4  main.o(.text.main)
    __arm_cp.6_1                             0x0800653c   Number         4  main.o(.text.main)
    __arm_cp.6_2                             0x08006540   Number         4  main.o(.text.main)
    [Anonymous Symbol]                       0x08006544   Section        0  ssd1306.o(.text.ssd1306_DrawPixel)
    [Anonymous Symbol]                       0x080065bc   Section        0  ssd1306.o(.text.ssd1306_Fill)
    [Anonymous Symbol]                       0x080065e8   Section        0  ssd1306.o(.text.ssd1306_Init)
    [Anonymous Symbol]                       0x080066b8   Section        0  ssd1306.o(.text.ssd1306_Reset)
    [Anonymous Symbol]                       0x080066ba   Section        0  ssd1306.o(.text.ssd1306_SetContrast)
    [Anonymous Symbol]                       0x080066dc   Section        0  ssd1306.o(.text.ssd1306_SetCursor)
    [Anonymous Symbol]                       0x080066f8   Section        0  ssd1306.o(.text.ssd1306_SetDisplayOn)
    [Anonymous Symbol]                       0x08006734   Section        0  ssd1306.o(.text.ssd1306_UpdateScreen)
    __arm_cp.8_0                             0x08006780   Number         4  ssd1306.o(.text.ssd1306_UpdateScreen)
    [Anonymous Symbol]                       0x08006784   Section        0  ssd1306.o(.text.ssd1306_WriteChar)
    __arm_cp.10_0                            0x080068c0   Number         4  ssd1306.o(.text.ssd1306_WriteChar)
    [Anonymous Symbol]                       0x080068c4   Section        0  ssd1306.o(.text.ssd1306_WriteCommand)
    [Anonymous Symbol]                       0x080068e8   Section        0  ssd1306.o(.text.ssd1306_WriteData)
    __arm_cp.2_0                             0x08006910   Number         4  ssd1306.o(.text.ssd1306_WriteData)
    [Anonymous Symbol]                       0x08006914   Section        0  ssd1306.o(.text.ssd1306_WriteString)
    i.__ARM_common_ll_muluu                  0x0800697c   Section        0  btod.o(i.__ARM_common_ll_muluu)
    i.__ARM_fpclassify                       0x080069ac   Section        0  fpclassify.o(i.__ARM_fpclassify)
    i._is_digit                              0x080069d8   Section        0  __printf_wp.o(i._is_digit)
    locale$$code                             0x080069e8   Section       44  lc_numeric_c.o(locale$$code)
    locale$$code                             0x08006a14   Section       44  lc_ctype_c.o(locale$$code)
    x$fpl$printf1                            0x08006a40   Section       16  printf1.o(x$fpl$printf1)
    x$fpl$printf2                            0x08006a50   Section       16  printf2.o(x$fpl$printf2)
    ddiv_reciptbl                            0x08006a60   Data         128  ddiv.o(.constdata)
    .constdata                               0x08006a60   Section      128  ddiv.o(.constdata)
    x$fpl$usenofp                            0x08006a60   Section        0  usenofp.o(x$fpl$usenofp)
    initial_mbstate                          0x08006ae0   Data           8  _printf_wctomb.o(.constdata)
    .constdata                               0x08006ae0   Section        8  _printf_wctomb.o(.constdata)
    uc_hextab                                0x08006ae8   Data          20  _printf_hex_int_ll_ptr.o(.constdata)
    .constdata                               0x08006ae8   Section       40  _printf_hex_int_ll_ptr.o(.constdata)
    lc_hextab                                0x08006afc   Data          20  _printf_hex_int_ll_ptr.o(.constdata)
    maptable                                 0x08006b10   Data          17  __printf_flags_ss_wp.o(.constdata)
    .constdata                               0x08006b10   Section       17  __printf_flags_ss_wp.o(.constdata)
    lc_hextab                                0x08006b21   Data          19  _printf_fp_hex.o(.constdata)
    .constdata                               0x08006b21   Section       38  _printf_fp_hex.o(.constdata)
    uc_hextab                                0x08006b34   Data          19  _printf_fp_hex.o(.constdata)
    tenpwrs_x                                0x08006b48   Data          60  bigflt0.o(.constdata)
    .constdata                               0x08006b48   Section      148  bigflt0.o(.constdata)
    tenpwrs_i                                0x08006b84   Data          64  bigflt0.o(.constdata)
    Font6x8                                  0x08006bf4   Data        1520  ssd1306_fonts.o(.rodata.Font6x8)
    [Anonymous Symbol]                       0x08006bf4   Section        0  ssd1306_fonts.o(.rodata.Font6x8)
    [Anonymous Symbol]                       0x080071f9   Section        0  main.o(.rodata.str1.1)
    locale$$data                             0x0800725c   Section       28  lc_numeric_c.o(locale$$data)
    __lcnum_c_name                           0x08007260   Data           2  lc_numeric_c.o(locale$$data)
    __lcnum_c_start                          0x08007268   Data           0  lc_numeric_c.o(locale$$data)
    __lcnum_c_point                          0x08007274   Data           0  lc_numeric_c.o(locale$$data)
    __lcnum_c_thousands                      0x08007276   Data           0  lc_numeric_c.o(locale$$data)
    __lcnum_c_grouping                       0x08007277   Data           0  lc_numeric_c.o(locale$$data)
    __lcnum_c_end                            0x08007278   Data           0  lc_numeric_c.o(locale$$data)
    locale$$data                             0x08007278   Section      272  lc_ctype_c.o(locale$$data)
    __lcctype_c_name                         0x0800727c   Data           2  lc_ctype_c.o(locale$$data)
    __lcctype_c_start                        0x08007284   Data           0  lc_ctype_c.o(locale$$data)
    __lcctype_c_end                          0x08007388   Data           0  lc_ctype_c.o(locale$$data)
    .bss                                     0x20000010   Section       96  libspace.o(.bss)
    HAL_TIM_PeriodElapsedCallback.cycle_counter 0x2000007c   Data           1  main.o(.bss.HAL_TIM_PeriodElapsedCallback.cycle_counter)
    [Anonymous Symbol]                       0x2000007c   Section        0  main.o(.bss.HAL_TIM_PeriodElapsedCallback.cycle_counter)
    SSD1306                                  0x20000094   Data           6  ssd1306.o(.bss.SSD1306)
    [Anonymous Symbol]                       0x20000094   Section        0  ssd1306.o(.bss.SSD1306)
    SSD1306_Buffer                           0x2000009a   Data         512  ssd1306.o(.bss.SSD1306_Buffer)
    [Anonymous Symbol]                       0x2000009a   Section        0  ssd1306.o(.bss.SSD1306_Buffer)
    Heap_Mem                                 0x200004a0   Data         512  startup_stm32l073xx.o(HEAP)
    HEAP                                     0x200004a0   Section      512  startup_stm32l073xx.o(HEAP)
    Stack_Mem                                0x200006a0   Data        1024  startup_stm32l073xx.o(STACK)
    STACK                                    0x200006a0   Section     1024  startup_stm32l073xx.o(STACK)
    __initial_sp                             0x20000aa0   Data           0  startup_stm32l073xx.o(STACK)

    Global Symbols

    Symbol Name                              Value     Ov Type        Size  Object(Section)

    BuildAttributes$$THM_ISAv3M$S$PE$A:L22$X:L11$S22$IEEE1$IW$~IW$USESV6$~STKCKD$USESV7$~SHL$OTIME$ROPI$IEEEX$EBA8$UX$STANDARDLIB$REQ8$PRES8$EABIv2 0x00000000   Number         0  anon$$obj.o ABSOLUTE
    _printf_flags                            0x00000000   Number         0  printf_stubs.o ABSOLUTE
    _printf_return_value                     0x00000000   Number         0  printf_stubs.o ABSOLUTE
    _printf_sizespec                         0x00000000   Number         0  printf_stubs.o ABSOLUTE
    _printf_widthprec                        0x00000000   Number         0  printf_stubs.o ABSOLUTE
    __ARM_exceptions_init                     - Undefined Weak Reference
    __alloca_initialize                       - Undefined Weak Reference
    __arm_preinit_                            - Undefined Weak Reference
    __arm_relocate_pie_                       - Undefined Weak Reference
    __cpp_initialize__aeabi_                  - Undefined Weak Reference
    __cxa_finalize                            - Undefined Weak Reference
    __sigvec_lookup                           - Undefined Weak Reference
    _atexit_init                              - Undefined Weak Reference
    _call_atexit_fns                          - Undefined Weak Reference
    _clock_init                               - Undefined Weak Reference
    _fp_trap_init                             - Undefined Weak Reference
    _fp_trap_shutdown                         - Undefined Weak Reference
    _get_lc_collate                           - Undefined Weak Reference
    _get_lc_monetary                          - Undefined Weak Reference
    _get_lc_time                              - Undefined Weak Reference
    _getenv_init                              - Undefined Weak Reference
    _handle_redirection                       - Undefined Weak Reference
    _init_alloc                               - Undefined Weak Reference
    _init_user_alloc                          - Undefined Weak Reference
    _initio                                   - Undefined Weak Reference
    _printf_mbtowc                            - Undefined Weak Reference
    _printf_wc                                - Undefined Weak Reference
    _rand_init                                - Undefined Weak Reference
    _signal_finish                            - Undefined Weak Reference
    _signal_init                              - Undefined Weak Reference
    _terminate_alloc                          - Undefined Weak Reference
    _terminate_user_alloc                     - Undefined Weak Reference
    _terminateio                              - Undefined Weak Reference
    __Vectors_Size                           0x000000c0   Number         0  startup_stm32l073xx.o ABSOLUTE
    __Vectors                                0x08000000   Data           4  startup_stm32l073xx.o(RESET)
    __Vectors_End                            0x080000c0   Data           0  startup_stm32l073xx.o(RESET)
    __main                                   0x080000c1   Thumb Code     8  __main.o(!!!main)
    __scatterload                            0x080000c9   Thumb Code     0  __scatter.o(!!!scatter)
    __scatterload_rt2                        0x080000c9   Thumb Code    74  __scatter.o(!!!scatter)
    __scatterload_rt2_thumb_only             0x080000c9   Thumb Code     0  __scatter.o(!!!scatter)
    __scatterload_loop                       0x080000d3   Thumb Code     0  __scatter.o(!!!scatter)
    __scatterload_copy                       0x0800011d   Thumb Code    26  __scatter_copy.o(!!handler_copy)
    __scatterload_null                       0x08000139   Thumb Code     2  __scatter.o(!!handler_null)
    __scatterload_zeroinit                   0x0800013d   Thumb Code    28  __scatter_zi.o(!!handler_zi)
    _printf_percent                          0x08000159   Thumb Code     0  _printf_percent.o(.ARM.Collect$$_printf_percent$$00000000)
    _printf_n                                0x0800015b   Thumb Code     0  _printf_n.o(.ARM.Collect$$_printf_percent$$00000001)
    _printf_p                                0x08000165   Thumb Code     0  _printf_p.o(.ARM.Collect$$_printf_percent$$00000002)
    _printf_f                                0x0800016f   Thumb Code     0  _printf_f.o(.ARM.Collect$$_printf_percent$$00000003)
    _printf_e                                0x08000179   Thumb Code     0  _printf_e.o(.ARM.Collect$$_printf_percent$$00000004)
    _printf_g                                0x08000183   Thumb Code     0  _printf_g.o(.ARM.Collect$$_printf_percent$$00000005)
    _printf_a                                0x0800018d   Thumb Code     0  _printf_a.o(.ARM.Collect$$_printf_percent$$00000006)
    _printf_ll                               0x08000197   Thumb Code     0  _printf_ll.o(.ARM.Collect$$_printf_percent$$00000007)
    _printf_i                                0x080001a1   Thumb Code     0  _printf_i.o(.ARM.Collect$$_printf_percent$$00000008)
    _printf_d                                0x080001ab   Thumb Code     0  _printf_d.o(.ARM.Collect$$_printf_percent$$00000009)
    _printf_u                                0x080001b5   Thumb Code     0  _printf_u.o(.ARM.Collect$$_printf_percent$$0000000A)
    _printf_o                                0x080001bf   Thumb Code     0  _printf_o.o(.ARM.Collect$$_printf_percent$$0000000B)
    _printf_x                                0x080001c9   Thumb Code     0  _printf_x.o(.ARM.Collect$$_printf_percent$$0000000C)
    _printf_lli                              0x080001d3   Thumb Code     0  _printf_lli.o(.ARM.Collect$$_printf_percent$$0000000D)
    _printf_lld                              0x080001dd   Thumb Code     0  _printf_lld.o(.ARM.Collect$$_printf_percent$$0000000E)
    _printf_llu                              0x080001e7   Thumb Code     0  _printf_llu.o(.ARM.Collect$$_printf_percent$$0000000F)
    _printf_llo                              0x080001f1   Thumb Code     0  _printf_llo.o(.ARM.Collect$$_printf_percent$$00000010)
    _printf_llx                              0x080001fb   Thumb Code     0  _printf_llx.o(.ARM.Collect$$_printf_percent$$00000011)
    _printf_l                                0x08000205   Thumb Code     0  _printf_l.o(.ARM.Collect$$_printf_percent$$00000012)
    _printf_c                                0x0800020f   Thumb Code     0  _printf_c.o(.ARM.Collect$$_printf_percent$$00000013)
    _printf_s                                0x08000219   Thumb Code     0  _printf_s.o(.ARM.Collect$$_printf_percent$$00000014)
    _printf_lc                               0x08000223   Thumb Code     0  _printf_lc.o(.ARM.Collect$$_printf_percent$$00000015)
    _printf_ls                               0x0800022d   Thumb Code     0  _printf_ls.o(.ARM.Collect$$_printf_percent$$00000016)
    _printf_percent_end                      0x08000237   Thumb Code     0  _printf_percent_end.o(.ARM.Collect$$_printf_percent$$00000017)
    __rt_lib_init                            0x0800023b   Thumb Code     0  libinit.o(.ARM.Collect$$libinit$$00000000)
    __rt_lib_init_fp_1                       0x0800023d   Thumb Code     0  libinit2.o(.ARM.Collect$$libinit$$00000002)
    __rt_lib_init_heap_1                     0x0800023d   Thumb Code     0  libinit2.o(.ARM.Collect$$libinit$$0000000C)
    __rt_lib_init_lc_common                  0x0800023d   Thumb Code     0  libinit2.o(.ARM.Collect$$libinit$$00000011)
    __rt_lib_init_preinit_1                  0x0800023d   Thumb Code     0  libinit2.o(.ARM.Collect$$libinit$$00000006)
    __rt_lib_init_rand_1                     0x0800023d   Thumb Code     0  libinit2.o(.ARM.Collect$$libinit$$00000010)
    __rt_lib_init_relocate_pie_1             0x0800023d   Thumb Code     0  libinit2.o(.ARM.Collect$$libinit$$00000004)
    __rt_lib_init_user_alloc_1               0x0800023d   Thumb Code     0  libinit2.o(.ARM.Collect$$libinit$$0000000E)
    __rt_lib_init_lc_collate_1               0x08000243   Thumb Code     0  libinit2.o(.ARM.Collect$$libinit$$00000013)
    __rt_lib_init_lc_ctype_2                 0x08000243   Thumb Code     0  libinit2.o(.ARM.Collect$$libinit$$00000014)
    __rt_lib_init_lc_ctype_1                 0x0800024f   Thumb Code     0  libinit2.o(.ARM.Collect$$libinit$$00000015)
    __rt_lib_init_lc_monetary_1              0x0800024f   Thumb Code     0  libinit2.o(.ARM.Collect$$libinit$$00000017)
    __rt_lib_init_lc_numeric_2               0x0800024f   Thumb Code     0  libinit2.o(.ARM.Collect$$libinit$$00000018)
    __rt_lib_init_alloca_1                   0x08000259   Thumb Code     0  libinit2.o(.ARM.Collect$$libinit$$00000030)
    __rt_lib_init_argv_1                     0x08000259   Thumb Code     0  libinit2.o(.ARM.Collect$$libinit$$0000002E)
    __rt_lib_init_atexit_1                   0x08000259   Thumb Code     0  libinit2.o(.ARM.Collect$$libinit$$0000001D)
    __rt_lib_init_clock_1                    0x08000259   Thumb Code     0  libinit2.o(.ARM.Collect$$libinit$$00000023)
    __rt_lib_init_cpp_1                      0x08000259   Thumb Code     0  libinit2.o(.ARM.Collect$$libinit$$00000034)
    __rt_lib_init_exceptions_1               0x08000259   Thumb Code     0  libinit2.o(.ARM.Collect$$libinit$$00000032)
    __rt_lib_init_fp_trap_1                  0x08000259   Thumb Code     0  libinit2.o(.ARM.Collect$$libinit$$00000021)
    __rt_lib_init_getenv_1                   0x08000259   Thumb Code     0  libinit2.o(.ARM.Collect$$libinit$$00000025)
    __rt_lib_init_lc_numeric_1               0x08000259   Thumb Code     0  libinit2.o(.ARM.Collect$$libinit$$00000019)
    __rt_lib_init_lc_time_1                  0x08000259   Thumb Code     0  libinit2.o(.ARM.Collect$$libinit$$0000001B)
    __rt_lib_init_return                     0x08000259   Thumb Code     0  libinit2.o(.ARM.Collect$$libinit$$00000035)
    __rt_lib_init_signal_1                   0x08000259   Thumb Code     0  libinit2.o(.ARM.Collect$$libinit$$0000001F)
    __rt_lib_init_stdio_1                    0x08000259   Thumb Code     0  libinit2.o(.ARM.Collect$$libinit$$00000027)
    __rt_lib_shutdown                        0x0800025b   Thumb Code     0  libshutdown.o(.ARM.Collect$$libshutdown$$00000000)
    __rt_lib_shutdown_cpp_1                  0x0800025d   Thumb Code     0  libshutdown2.o(.ARM.Collect$$libshutdown$$00000002)
    __rt_lib_shutdown_fp_trap_1              0x0800025d   Thumb Code     0  libshutdown2.o(.ARM.Collect$$libshutdown$$00000007)
    __rt_lib_shutdown_heap_1                 0x0800025d   Thumb Code     0  libshutdown2.o(.ARM.Collect$$libshutdown$$0000000F)
    __rt_lib_shutdown_return                 0x0800025d   Thumb Code     0  libshutdown2.o(.ARM.Collect$$libshutdown$$00000010)
    __rt_lib_shutdown_signal_1               0x0800025d   Thumb Code     0  libshutdown2.o(.ARM.Collect$$libshutdown$$0000000A)
    __rt_lib_shutdown_stdio_1                0x0800025d   Thumb Code     0  libshutdown2.o(.ARM.Collect$$libshutdown$$00000004)
    __rt_lib_shutdown_user_alloc_1           0x0800025d   Thumb Code     0  libshutdown2.o(.ARM.Collect$$libshutdown$$0000000C)
    __rt_entry                               0x0800025f   Thumb Code     0  __rtentry.o(.ARM.Collect$$rtentry$$00000000)
    __rt_entry_presh_1                       0x0800025f   Thumb Code     0  __rtentry2.o(.ARM.Collect$$rtentry$$00000002)
    __rt_entry_sh                            0x0800025f   Thumb Code     0  __rtentry4.o(.ARM.Collect$$rtentry$$00000004)
    __rt_entry_li                            0x08000265   Thumb Code     0  __rtentry2.o(.ARM.Collect$$rtentry$$0000000A)
    __rt_entry_postsh_1                      0x08000265   Thumb Code     0  __rtentry2.o(.ARM.Collect$$rtentry$$00000009)
    __rt_entry_main                          0x08000269   Thumb Code     0  __rtentry2.o(.ARM.Collect$$rtentry$$0000000D)
    __rt_entry_postli_1                      0x08000269   Thumb Code     0  __rtentry2.o(.ARM.Collect$$rtentry$$0000000C)
    __rt_exit                                0x08000271   Thumb Code     0  rtexit.o(.ARM.Collect$$rtexit$$00000000)
    __rt_exit_ls                             0x08000273   Thumb Code     0  rtexit2.o(.ARM.Collect$$rtexit$$00000003)
    __rt_exit_prels_1                        0x08000273   Thumb Code     0  rtexit2.o(.ARM.Collect$$rtexit$$00000002)
    __rt_exit_exit                           0x08000277   Thumb Code     0  rtexit2.o(.ARM.Collect$$rtexit$$00000004)
    Reset_Handler                            0x0800027d   Thumb Code     8  startup_stm32l073xx.o(.text)
    ADC1_COMP_IRQHandler                     0x0800028f   Thumb Code     0  startup_stm32l073xx.o(.text)
    DMA1_Channel1_IRQHandler                 0x0800028f   Thumb Code     0  startup_stm32l073xx.o(.text)
    DMA1_Channel2_3_IRQHandler               0x0800028f   Thumb Code     0  startup_stm32l073xx.o(.text)
    DMA1_Channel4_5_6_7_IRQHandler           0x0800028f   Thumb Code     0  startup_stm32l073xx.o(.text)
    EXTI0_1_IRQHandler                       0x0800028f   Thumb Code     0  startup_stm32l073xx.o(.text)
    EXTI2_3_IRQHandler                       0x0800028f   Thumb Code     0  startup_stm32l073xx.o(.text)
    EXTI4_15_IRQHandler                      0x0800028f   Thumb Code     0  startup_stm32l073xx.o(.text)
    FLASH_IRQHandler                         0x0800028f   Thumb Code     0  startup_stm32l073xx.o(.text)
    I2C1_IRQHandler                          0x0800028f   Thumb Code     0  startup_stm32l073xx.o(.text)
    I2C2_IRQHandler                          0x0800028f   Thumb Code     0  startup_stm32l073xx.o(.text)
    I2C3_IRQHandler                          0x0800028f   Thumb Code     0  startup_stm32l073xx.o(.text)
    LCD_IRQHandler                           0x0800028f   Thumb Code     0  startup_stm32l073xx.o(.text)
    LPTIM1_IRQHandler                        0x0800028f   Thumb Code     0  startup_stm32l073xx.o(.text)
    PVD_IRQHandler                           0x0800028f   Thumb Code     0  startup_stm32l073xx.o(.text)
    RCC_CRS_IRQHandler                       0x0800028f   Thumb Code     0  startup_stm32l073xx.o(.text)
    RNG_LPUART1_IRQHandler                   0x0800028f   Thumb Code     0  startup_stm32l073xx.o(.text)
    RTC_IRQHandler                           0x0800028f   Thumb Code     0  startup_stm32l073xx.o(.text)
    SPI1_IRQHandler                          0x0800028f   Thumb Code     0  startup_stm32l073xx.o(.text)
    SPI2_IRQHandler                          0x0800028f   Thumb Code     0  startup_stm32l073xx.o(.text)
    TIM21_IRQHandler                         0x0800028f   Thumb Code     0  startup_stm32l073xx.o(.text)
    TIM22_IRQHandler                         0x0800028f   Thumb Code     0  startup_stm32l073xx.o(.text)
    TIM7_IRQHandler                          0x0800028f   Thumb Code     0  startup_stm32l073xx.o(.text)
    TSC_IRQHandler                           0x0800028f   Thumb Code     0  startup_stm32l073xx.o(.text)
    USART1_IRQHandler                        0x0800028f   Thumb Code     0  startup_stm32l073xx.o(.text)
    USART2_IRQHandler                        0x0800028f   Thumb Code     0  startup_stm32l073xx.o(.text)
    USART4_5_IRQHandler                      0x0800028f   Thumb Code     0  startup_stm32l073xx.o(.text)
    USB_IRQHandler                           0x0800028f   Thumb Code     0  startup_stm32l073xx.o(.text)
    WWDG_IRQHandler                          0x0800028f   Thumb Code     0  startup_stm32l073xx.o(.text)
    __user_initial_stackheap                 0x08000291   Thumb Code     0  startup_stm32l073xx.o(.text)
    __aeabi_uldivmod                         0x080002b5   Thumb Code   272  lludiv.o(.text)
    _ll_udiv                                 0x080002b5   Thumb Code     0  lludiv.o(.text)
    sprintf                                  0x080003c5   Thumb Code    40  sprintf.o(.text)
    __aeabi_memset                           0x080003f1   Thumb Code    18  aeabi_memset.o(.text)
    _memset_w                                0x08000403   Thumb Code    26  rt_memclr.o(.text)
    _memset                                  0x0800041d   Thumb Code    30  rt_memclr.o(.text)
    __aeabi_memclr                           0x0800043b   Thumb Code     4  rt_memclr.o(.text)
    __rt_memclr                              0x0800043b   Thumb Code     0  rt_memclr.o(.text)
    __aeabi_memclr4                          0x0800043f   Thumb Code     0  rt_memclr.o(.text)
    __aeabi_memclr8                          0x0800043f   Thumb Code     0  rt_memclr.o(.text)
    __rt_memclr_w                            0x0800043f   Thumb Code     4  rt_memclr.o(.text)
    __aeabi_uidiv                            0x08000445   Thumb Code     0  aeabi_sdiv.o(.text)
    __aeabi_uidivmod                         0x08000445   Thumb Code    20  aeabi_sdiv.o(.text)
    __aeabi_idiv                             0x08000459   Thumb Code     0  aeabi_sdiv.o(.text)
    __aeabi_idivmod                          0x08000459   Thumb Code   338  aeabi_sdiv.o(.text)
    __use_two_region_memory                  0x080005b1   Thumb Code     2  heapauxi.o(.text)
    __rt_heap_escrow$2region                 0x080005b3   Thumb Code     2  heapauxi.o(.text)
    __rt_heap_expand$2region                 0x080005b5   Thumb Code     2  heapauxi.o(.text)
    __aeabi_ddiv                             0x080005b9   Thumb Code     0  ddiv.o(.text)
    __divdf3                                 0x080005b9   Thumb Code     0  ddiv.o(.text)
    _ddiv                                    0x080005b9   Thumb Code  1072  ddiv.o(.text)
    _drdiv                                   0x080009e9   Thumb Code    20  ddiv.o(.text)
    __aeabi_d2iz                             0x08000a01   Thumb Code     0  dfixi.o(.text)
    _dfix                                    0x08000a01   Thumb Code    98  dfixi.o(.text)
    __aeabi_i2d_normalise                    0x08000a6d   Thumb Code    66  dflti.o(.text)
    __aeabi_i2d                              0x08000aaf   Thumb Code    16  dflti.o(.text)
    _dflt                                    0x08000aaf   Thumb Code     0  dflti.o(.text)
    __aeabi_ui2d                             0x08000abf   Thumb Code     6  dflti.o(.text)
    _dfltu                                   0x08000abf   Thumb Code     0  dflti.o(.text)
    __aeabi_dmul                             0x08000ac5   Thumb Code     0  dmul.o(.text)
    __muldf3                                 0x08000ac5   Thumb Code     0  dmul.o(.text)
    _dmul                                    0x08000ac5   Thumb Code   558  dmul.o(.text)
    _printf_pre_padding                      0x08000d0d   Thumb Code    44  _printf_pad.o(.text)
    _printf_post_padding                     0x08000d39   Thumb Code    34  _printf_pad.o(.text)
    _printf_truncate_signed                  0x08000d5b   Thumb Code    18  _printf_truncate.o(.text)
    _printf_truncate_unsigned                0x08000d6d   Thumb Code    18  _printf_truncate.o(.text)
    _printf_str                              0x08000d7f   Thumb Code    82  _printf_str.o(.text)
    _printf_int_dec                          0x08000dd1   Thumb Code    90  _printf_dec.o(.text)
    _printf_charcount                        0x08000e3d   Thumb Code    38  _printf_charcount.o(.text)
    _printf_char_common                      0x08000e6f   Thumb Code    32  _printf_char_common.o(.text)
    _sputc                                   0x08000e95   Thumb Code    10  _sputc.o(.text)
    _printf_wctomb                           0x08000ea1   Thumb Code   182  _printf_wctomb.o(.text)
    _printf_longlong_dec                     0x08000f5d   Thumb Code    94  _printf_longlong_dec.o(.text)
    _printf_longlong_oct                     0x08000fcd   Thumb Code    68  _printf_oct_int_ll.o(.text)
    _printf_int_oct                          0x08001011   Thumb Code    24  _printf_oct_int_ll.o(.text)
    _printf_ll_oct                           0x08001029   Thumb Code    10  _printf_oct_int_ll.o(.text)
    _printf_longlong_hex                     0x0800103d   Thumb Code    88  _printf_hex_int_ll_ptr.o(.text)
    _printf_int_hex                          0x08001095   Thumb Code    28  _printf_hex_int_ll_ptr.o(.text)
    _printf_ll_hex                           0x080010b1   Thumb Code    10  _printf_hex_int_ll_ptr.o(.text)
    _printf_hex_ptr                          0x080010bb   Thumb Code    22  _printf_hex_int_ll_ptr.o(.text)
    __printf                                 0x080010d5   Thumb Code   386  __printf_flags_ss_wp.o(.text)
    _ll_udiv10                               0x0800125d   Thumb Code   122  lludiv10.o(.text)
    _printf_int_common                       0x080012d7   Thumb Code   176  _printf_intcommon.o(.text)
    _printf_fp_dec_real                      0x08001525   Thumb Code   620  _printf_fp_dec.o(.text)
    _printf_fp_hex_real                      0x0800179d   Thumb Code   718  _printf_fp_hex.o(.text)
    _printf_cs_common                        0x08001a75   Thumb Code    22  _printf_char.o(.text)
    _printf_char                             0x08001a8b   Thumb Code    16  _printf_char.o(.text)
    _printf_string                           0x08001a9b   Thumb Code     8  _printf_char.o(.text)
    _printf_lcs_common                       0x08001aa3   Thumb Code    22  _printf_wchar.o(.text)
    _printf_wchar                            0x08001ab9   Thumb Code    16  _printf_wchar.o(.text)
    _printf_wstring                          0x08001ac9   Thumb Code     8  _printf_wchar.o(.text)
    _c16rtomb                                0x08001ad1   Thumb Code    66  _c16rtomb.o(.text)
    _wcrtomb                                 0x08001ad1   Thumb Code     0  _c16rtomb.o(.text)
    __rt_udiv10                              0x08001b13   Thumb Code    40  rtudiv10.o(.text)
    __user_libspace                          0x08001b3d   Thumb Code     8  libspace.o(.text)
    __user_perproc_libspace                  0x08001b3d   Thumb Code     0  libspace.o(.text)
    __user_perthread_libspace                0x08001b3d   Thumb Code     0  libspace.o(.text)
    __user_setup_stackheap                   0x08001b45   Thumb Code    62  sys_stackheap_outer.o(.text)
    __rt_ctype_table                         0x08001b85   Thumb Code    16  rt_ctype_table.o(.text)
    __rt_locale                              0x08001b95   Thumb Code     8  rt_locale_intlibspace.o(.text)
    _printf_fp_infnan                        0x08001b9d   Thumb Code   120  _printf_fp_infnan.o(.text)
    _btod_etento                             0x08001c25   Thumb Code   210  bigflt0.o(.text)
    _btod_d2e                                0x08001cfd   Thumb Code    64  btod.o(.text)
    _btod_emul                               0x08002131   Thumb Code    28  btod.o(.text)
    _btod_emuld                              0x0800214d   Thumb Code   144  btod.o(.text)
    _btod_ediv                               0x080021dd   Thumb Code    26  btod.o(.text)
    _btod_edivd                              0x080021f7   Thumb Code   124  btod.o(.text)
    exit                                     0x0800227d   Thumb Code    16  exit.o(.text)
    strcmp                                   0x0800228d   Thumb Code   132  strcmp.o(.text)
    _sys_exit                                0x08002315   Thumb Code     8  sys_exit.o(.text)
    __I$use$semihosting                      0x08002321   Thumb Code     0  use_no_semi.o(.text)
    __use_no_semihosting_swi                 0x08002321   Thumb Code     2  use_no_semi.o(.text)
    Error_Handler                            0x08002323   Thumb Code    14  main.o(.text.Error_Handler)
    __semihosting_library_function           0x08002323   Thumb Code     0  indicate_semi.o(.text)
    HAL_Delay                                0x08002331   Thumb Code    64  stm32l0xx_hal.o(.text.HAL_Delay)
    HAL_GPIO_Init                            0x08002375   Thumb Code   744  stm32l0xx_hal_gpio.o(.text.HAL_GPIO_Init)
    HAL_GPIO_WritePin                        0x08002689   Thumb Code    44  stm32l0xx_hal_gpio.o(.text.HAL_GPIO_WritePin)
    HAL_GetTick                              0x080026b5   Thumb Code     8  stm32l0xx_hal.o(.text.HAL_GetTick)
    HAL_I2CEx_ConfigAnalogFilter             0x080026c1   Thumb Code   150  stm32l0xx_hal_i2c_ex.o(.text.HAL_I2CEx_ConfigAnalogFilter)
    HAL_I2CEx_ConfigDigitalFilter            0x08002757   Thumb Code   160  stm32l0xx_hal_i2c_ex.o(.text.HAL_I2CEx_ConfigDigitalFilter)
    HAL_I2C_Init                             0x080027f9   Thumb Code   284  stm32l0xx_hal_i2c.o(.text.HAL_I2C_Init)
    HAL_I2C_Mem_Write                        0x08002919   Thumb Code   600  stm32l0xx_hal_i2c.o(.text.HAL_I2C_Mem_Write)
    HAL_I2C_MspInit                          0x08002b75   Thumb Code   100  stm32l0xx_hal_msp.o(.text.HAL_I2C_MspInit)
    HAL_IncTick                              0x08002be5   Thumb Code    16  stm32l0xx_hal.o(.text.HAL_IncTick)
    HAL_Init                                 0x08002bf9   Thumb Code    56  stm32l0xx_hal.o(.text.HAL_Init)
    HAL_InitTick                             0x08002c35   Thumb Code   100  stm32l0xx_hal.o(.text.HAL_InitTick)
    HAL_MspInit                              0x08002ca5   Thumb Code    24  stm32l0xx_hal_msp.o(.text.HAL_MspInit)
    HAL_NVIC_EnableIRQ                       0x08002cc5   Thumb Code    22  stm32l0xx_hal_cortex.o(.text.HAL_NVIC_EnableIRQ)
    HAL_NVIC_SetPriority                     0x08002cdb   Thumb Code    28  stm32l0xx_hal_cortex.o(.text.HAL_NVIC_SetPriority)
    HAL_RCCEx_PeriphCLKConfig                0x08002cf9   Thumb Code   852  stm32l0xx_hal_rcc_ex.o(.text.HAL_RCCEx_PeriphCLKConfig)
    HAL_RCC_ClockConfig                      0x08003065   Thumb Code   744  stm32l0xx_hal_rcc.o(.text.HAL_RCC_ClockConfig)
    HAL_RCC_GetHCLKFreq                      0x0800335d   Thumb Code     8  stm32l0xx_hal_rcc.o(.text.HAL_RCC_GetHCLKFreq)
    HAL_RCC_GetPCLK1Freq                     0x08003369   Thumb Code    28  stm32l0xx_hal_rcc.o(.text.HAL_RCC_GetPCLK1Freq)
    HAL_RCC_GetPCLK2Freq                     0x08003385   Thumb Code    28  stm32l0xx_hal_rcc.o(.text.HAL_RCC_GetPCLK2Freq)
    HAL_RCC_GetSysClockFreq                  0x080033a5   Thumb Code   260  stm32l0xx_hal_rcc.o(.text.HAL_RCC_GetSysClockFreq)
    HAL_RCC_OscConfig                        0x080034c5   Thumb Code  2124  stm32l0xx_hal_rcc.o(.text.HAL_RCC_OscConfig)
    HAL_SYSTICK_Config                       0x08003d35   Thumb Code    16  stm32l0xx_hal_cortex.o(.text.HAL_SYSTICK_Config)
    HAL_TIMEx_MasterConfigSynchronization    0x08003d45   Thumb Code   204  stm32l0xx_hal_tim_ex.o(.text.HAL_TIMEx_MasterConfigSynchronization)
    HAL_TIMEx_RemapConfig                    0x08003e11   Thumb Code    76  stm32l0xx_hal_tim_ex.o(.text.HAL_TIMEx_RemapConfig)
    HAL_TIM_Base_Init                        0x08003e5d   Thumb Code   128  stm32l0xx_hal_tim.o(.text.HAL_TIM_Base_Init)
    HAL_TIM_Base_MspInit                     0x08003edd   Thumb Code    80  stm32l0xx_hal_msp.o(.text.HAL_TIM_Base_MspInit)
    HAL_TIM_Base_Start_IT                    0x08003f39   Thumb Code   160  stm32l0xx_hal_tim.o(.text.HAL_TIM_Base_Start_IT)
    HAL_TIM_IC_CaptureCallback               0x08003fe5   Thumb Code   488  main.o(.text.HAL_TIM_IC_CaptureCallback)
    HAL_TIM_IC_ConfigChannel                 0x08004205   Thumb Code   308  stm32l0xx_hal_tim.o(.text.HAL_TIM_IC_ConfigChannel)
    HAL_TIM_IC_Init                          0x08004339   Thumb Code   128  stm32l0xx_hal_tim.o(.text.HAL_TIM_IC_Init)
    HAL_TIM_IC_MspInit                       0x080043b9   Thumb Code   212  stm32l0xx_hal_msp.o(.text.HAL_TIM_IC_MspInit)
    HAL_TIM_IC_Start_IT                      0x08004499   Thumb Code   472  stm32l0xx_hal_tim.o(.text.HAL_TIM_IC_Start_IT)
    HAL_TIM_IRQHandler                       0x0800467d   Thumb Code   462  stm32l0xx_hal_tim.o(.text.HAL_TIM_IRQHandler)
    HAL_TIM_OC_DelayElapsedCallback          0x0800484b   Thumb Code     8  stm32l0xx_hal_tim.o(.text.HAL_TIM_OC_DelayElapsedCallback)
    HAL_TIM_PWM_PulseFinishedCallback        0x08004853   Thumb Code     8  stm32l0xx_hal_tim.o(.text.HAL_TIM_PWM_PulseFinishedCallback)
    HAL_TIM_PeriodElapsedCallback            0x0800485d   Thumb Code   520  main.o(.text.HAL_TIM_PeriodElapsedCallback)
    HAL_TIM_ReadCapturedValue                0x08004a9d   Thumb Code   128  stm32l0xx_hal_tim.o(.text.HAL_TIM_ReadCapturedValue)
    HAL_TIM_TriggerCallback                  0x08004b1d   Thumb Code     8  stm32l0xx_hal_tim.o(.text.HAL_TIM_TriggerCallback)
    HAL_UART_Init                            0x08004b25   Thumb Code   176  stm32l0xx_hal_uart.o(.text.HAL_UART_Init)
    HAL_UART_MspInit                         0x08004bd5   Thumb Code   100  stm32l0xx_hal_msp.o(.text.HAL_UART_MspInit)
    HAL_UART_Transmit                        0x08004c45   Thumb Code   352  stm32l0xx_hal_uart.o(.text.HAL_UART_Transmit)
    HardFault_Handler                        0x08004da9   Thumb Code     4  stm32l0xx_it.o(.text.HardFault_Handler)
    NMI_Handler                              0x080055d5   Thumb Code     4  stm32l0xx_it.o(.text.NMI_Handler)
    OLED_Init                                0x080055d9   Thumb Code    18  main.o(.text.OLED_Init)
    PendSV_Handler                           0x080055eb   Thumb Code     2  stm32l0xx_it.o(.text.PendSV_Handler)
    SVC_Handler                              0x080055ed   Thumb Code     2  stm32l0xx_it.o(.text.SVC_Handler)
    SysTick_Handler                          0x08005641   Thumb Code     8  stm32l0xx_it.o(.text.SysTick_Handler)
    SystemClock_Config                       0x08005649   Thumb Code   164  main.o(.text.SystemClock_Config)
    SystemInit                               0x080056f1   Thumb Code     2  system_stm32l0xx.o(.text.SystemInit)
    TIM2_IRQHandler                          0x080056f5   Thumb Code    12  stm32l0xx_it.o(.text.TIM2_IRQHandler)
    TIM3_IRQHandler                          0x08005705   Thumb Code    12  stm32l0xx_it.o(.text.TIM3_IRQHandler)
    TIM6_DAC_IRQHandler                      0x08005715   Thumb Code    12  stm32l0xx_it.o(.text.TIM6_DAC_IRQHandler)
    TriggerSensor1                           0x08005a31   Thumb Code    52  main.o(.text.TriggerSensor1)
    TriggerSensor2                           0x08005a69   Thumb Code    52  main.o(.text.TriggerSensor2)
    UART_AdvFeatureConfig                    0x08005aa1   Thumb Code   346  stm32l0xx_hal_uart.o(.text.UART_AdvFeatureConfig)
    UART_CheckIdleState                      0x08005bfd   Thumb Code   344  stm32l0xx_hal_uart.o(.text.UART_CheckIdleState)
    UART_SetConfig                           0x08005e09   Thumb Code  1252  stm32l0xx_hal_uart.o(.text.UART_SetConfig)
    UART_WaitOnFlagUntilTimeout              0x0800630d   Thumb Code   264  stm32l0xx_hal_uart.o(.text.UART_WaitOnFlagUntilTimeout)
    delay                                    0x080064c5   Thumb Code    40  main.o(.text.delay)
    main                                     0x080064ed   Thumb Code    76  main.o(.text.main)
    ssd1306_DrawPixel                        0x08006545   Thumb Code   120  ssd1306.o(.text.ssd1306_DrawPixel)
    ssd1306_Fill                             0x080065bd   Thumb Code    44  ssd1306.o(.text.ssd1306_Fill)
    ssd1306_Init                             0x080065e9   Thumb Code   208  ssd1306.o(.text.ssd1306_Init)
    ssd1306_Reset                            0x080066b9   Thumb Code     2  ssd1306.o(.text.ssd1306_Reset)
    ssd1306_SetContrast                      0x080066bb   Thumb Code    32  ssd1306.o(.text.ssd1306_SetContrast)
    ssd1306_SetCursor                        0x080066dd   Thumb Code    28  ssd1306.o(.text.ssd1306_SetCursor)
    ssd1306_SetDisplayOn                     0x080066f9   Thumb Code    60  ssd1306.o(.text.ssd1306_SetDisplayOn)
    ssd1306_UpdateScreen                     0x08006735   Thumb Code    76  ssd1306.o(.text.ssd1306_UpdateScreen)
    ssd1306_WriteChar                        0x08006785   Thumb Code   316  ssd1306.o(.text.ssd1306_WriteChar)
    ssd1306_WriteCommand                     0x080068c5   Thumb Code    36  ssd1306.o(.text.ssd1306_WriteCommand)
    ssd1306_WriteData                        0x080068e9   Thumb Code    40  ssd1306.o(.text.ssd1306_WriteData)
    ssd1306_WriteString                      0x08006915   Thumb Code   104  ssd1306.o(.text.ssd1306_WriteString)
    __ARM_common_ll_muluu                    0x0800697d   Thumb Code    48  btod.o(i.__ARM_common_ll_muluu)
    __ARM_fpclassify                         0x080069ad   Thumb Code    40  fpclassify.o(i.__ARM_fpclassify)
    _is_digit                                0x080069d9   Thumb Code    14  __printf_wp.o(i._is_digit)
    _get_lc_numeric                          0x080069e9   Thumb Code    44  lc_numeric_c.o(locale$$code)
    _get_lc_ctype                            0x08006a15   Thumb Code    44  lc_ctype_c.o(locale$$code)
    _printf_fp_dec                           0x08006a41   Thumb Code    16  printf1.o(x$fpl$printf1)
    _printf_fp_hex                           0x08006a51   Thumb Code    16  printf2.o(x$fpl$printf2)
    __I$use$fp                               0x08006a60   Number         0  usenofp.o(x$fpl$usenofp)
    AHBPrescTable                            0x08006bdc   Data          16  system_stm32l0xx.o(.rodata.AHBPrescTable)
    APBPrescTable                            0x08006bec   Data           8  system_stm32l0xx.o(.rodata.APBPrescTable)
    Font_6x8                                 0x080071e4   Data          12  ssd1306_fonts.o(.rodata.Font_6x8)
    PLLMulTable                              0x080071f0   Data           9  system_stm32l0xx.o(.rodata.PLLMulTable)
    Region$$Table$$Base                      0x0800723c   Number         0  anon$$obj.o(Region$$Table)
    Region$$Table$$Limit                     0x0800725c   Number         0  anon$$obj.o(Region$$Table)
    __ctype                                  0x08007285   Data           0  lc_ctype_c.o(locale$$data)
    SystemCoreClock                          0x20000000   Data           4  system_stm32l0xx.o(.data.SystemCoreClock)
    uwTickFreq                               0x20000004   Data           1  stm32l0xx_hal.o(.data.uwTickFreq)
    uwTickPrio                               0x20000008   Data           4  stm32l0xx_hal.o(.data.uwTickPrio)
    __libspace_start                         0x20000010   Data          96  libspace.o(.bss)
    Difference                               0x20000070   Data           4  main.o(.bss.Difference)
    __temporary_stack_top$libspace           0x20000070   Data           0  libspace.o(.bss)
    Difference_2                             0x20000074   Data           4  main.o(.bss.Difference_2)
    Distance                                 0x20000078   Data           2  main.o(.bss.Distance)
    Distance_2                               0x2000007a   Data           2  main.o(.bss.Distance_2)
    IC_Val1                                  0x20000080   Data           4  main.o(.bss.IC_Val1)
    IC_Val1_2                                0x20000084   Data           4  main.o(.bss.IC_Val1_2)
    IC_Val2                                  0x20000088   Data           4  main.o(.bss.IC_Val2)
    IC_Val2_2                                0x2000008c   Data           4  main.o(.bss.IC_Val2_2)
    Is_First_Captured                        0x20000090   Data           2  main.o(.bss.Is_First_Captured)
    Is_First_Captured_2                      0x20000092   Data           2  main.o(.bss.Is_First_Captured_2)
    buffer_index                             0x2000029a   Data           1  main.o(.bss.buffer_index)
    hi2c1                                    0x2000029c   Data          84  main.o(.bss.hi2c1)
    htim2                                    0x200002f0   Data          64  main.o(.bss.htim2)
    htim3                                    0x20000330   Data          64  main.o(.bss.htim3)
    htim6                                    0x20000370   Data          64  main.o(.bss.htim6)
    htim7                                    0x200003b0   Data          64  main.o(.bss.htim7)
    huart2                                   0x200003f0   Data         136  main.o(.bss.huart2)
    sensor1_buffer                           0x20000478   Data          14  main.o(.bss.sensor1_buffer)
    sensor2_buffer                           0x20000486   Data          14  main.o(.bss.sensor2_buffer)
    skirtumas_pc                             0x20000494   Data           2  main.o(.bss.skirtumas_pc)
    uwTick                                   0x20000498   Data           4  stm32l0xx_hal.o(.bss.uwTick)



==============================================================================

Memory Map of the image

  Image Entry point : 0x080000c1

  Load Region LR_IROM1 (Base: 0x08000000, Size: 0x00007398, Max: 0x00030000, ABSOLUTE)

    Execution Region ER_IROM1 (Exec base: 0x08000000, Load base: 0x08000000, Size: 0x00007388, Max: 0x00030000, ABSOLUTE)

    Exec Addr    Load Addr    Size         Type   Attr      Idx    E Section Name        Object

    0x08000000   0x08000000   0x000000c0   Data   RO            3    RESET               startup_stm32l073xx.o
    0x080000c0   0x080000c0   0x00000008   Code   RO         1321  * !!!main             c_p.l(__main.o)
    0x080000c8   0x080000c8   0x00000054   Code   RO         1722    !!!scatter          c_p.l(__scatter.o)
    0x0800011c   0x0800011c   0x0000001a   Code   RO         1726    !!handler_copy      c_p.l(__scatter_copy.o)
    0x08000136   0x08000136   0x00000002   PAD
    0x08000138   0x08000138   0x00000002   Code   RO         1723    !!handler_null      c_p.l(__scatter.o)
    0x0800013a   0x0800013a   0x00000002   PAD
    0x0800013c   0x0800013c   0x0000001c   Code   RO         1728    !!handler_zi        c_p.l(__scatter_zi.o)
    0x08000158   0x08000158   0x00000002   Code   RO         1441    .ARM.Collect$$_printf_percent$$00000000  c_p.l(_printf_percent.o)
    0x0800015a   0x0800015a   0x0000000a   Code   RO         1430    .ARM.Collect$$_printf_percent$$00000001  c_p.l(_printf_n.o)
    0x08000164   0x08000164   0x0000000a   Code   RO         1432    .ARM.Collect$$_printf_percent$$00000002  c_p.l(_printf_p.o)
    0x0800016e   0x0800016e   0x0000000a   Code   RO         1437    .ARM.Collect$$_printf_percent$$00000003  c_p.l(_printf_f.o)
    0x08000178   0x08000178   0x0000000a   Code   RO         1438    .ARM.Collect$$_printf_percent$$00000004  c_p.l(_printf_e.o)
    0x08000182   0x08000182   0x0000000a   Code   RO         1439    .ARM.Collect$$_printf_percent$$00000005  c_p.l(_printf_g.o)
    0x0800018c   0x0800018c   0x0000000a   Code   RO         1440    .ARM.Collect$$_printf_percent$$00000006  c_p.l(_printf_a.o)
    0x08000196   0x08000196   0x0000000a   Code   RO         1445    .ARM.Collect$$_printf_percent$$00000007  c_p.l(_printf_ll.o)
    0x080001a0   0x080001a0   0x0000000a   Code   RO         1434    .ARM.Collect$$_printf_percent$$00000008  c_p.l(_printf_i.o)
    0x080001aa   0x080001aa   0x0000000a   Code   RO         1435    .ARM.Collect$$_printf_percent$$00000009  c_p.l(_printf_d.o)
    0x080001b4   0x080001b4   0x0000000a   Code   RO         1436    .ARM.Collect$$_printf_percent$$0000000A  c_p.l(_printf_u.o)
    0x080001be   0x080001be   0x0000000a   Code   RO         1433    .ARM.Collect$$_printf_percent$$0000000B  c_p.l(_printf_o.o)
    0x080001c8   0x080001c8   0x0000000a   Code   RO         1431    .ARM.Collect$$_printf_percent$$0000000C  c_p.l(_printf_x.o)
    0x080001d2   0x080001d2   0x0000000a   Code   RO         1442    .ARM.Collect$$_printf_percent$$0000000D  c_p.l(_printf_lli.o)
    0x080001dc   0x080001dc   0x0000000a   Code   RO         1443    .ARM.Collect$$_printf_percent$$0000000E  c_p.l(_printf_lld.o)
    0x080001e6   0x080001e6   0x0000000a   Code   RO         1444    .ARM.Collect$$_printf_percent$$0000000F  c_p.l(_printf_llu.o)
    0x080001f0   0x080001f0   0x0000000a   Code   RO         1449    .ARM.Collect$$_printf_percent$$00000010  c_p.l(_printf_llo.o)
    0x080001fa   0x080001fa   0x0000000a   Code   RO         1450    .ARM.Collect$$_printf_percent$$00000011  c_p.l(_printf_llx.o)
    0x08000204   0x08000204   0x0000000a   Code   RO         1446    .ARM.Collect$$_printf_percent$$00000012  c_p.l(_printf_l.o)
    0x0800020e   0x0800020e   0x0000000a   Code   RO         1428    .ARM.Collect$$_printf_percent$$00000013  c_p.l(_printf_c.o)
    0x08000218   0x08000218   0x0000000a   Code   RO         1429    .ARM.Collect$$_printf_percent$$00000014  c_p.l(_printf_s.o)
    0x08000222   0x08000222   0x0000000a   Code   RO         1447    .ARM.Collect$$_printf_percent$$00000015  c_p.l(_printf_lc.o)
    0x0800022c   0x0800022c   0x0000000a   Code   RO         1448    .ARM.Collect$$_printf_percent$$00000016  c_p.l(_printf_ls.o)
    0x08000236   0x08000236   0x00000004   Code   RO         1528    .ARM.Collect$$_printf_percent$$00000017  c_p.l(_printf_percent_end.o)
    0x0800023a   0x0800023a   0x00000002   Code   RO         1574    .ARM.Collect$$libinit$$00000000  c_p.l(libinit.o)
    0x0800023c   0x0800023c   0x00000000   Code   RO         1596    .ARM.Collect$$libinit$$00000002  c_p.l(libinit2.o)
    0x0800023c   0x0800023c   0x00000000   Code   RO         1598    .ARM.Collect$$libinit$$00000004  c_p.l(libinit2.o)
    0x0800023c   0x0800023c   0x00000000   Code   RO         1600    .ARM.Collect$$libinit$$00000006  c_p.l(libinit2.o)
    0x0800023c   0x0800023c   0x00000000   Code   RO         1603    .ARM.Collect$$libinit$$0000000C  c_p.l(libinit2.o)
    0x0800023c   0x0800023c   0x00000000   Code   RO         1605    .ARM.Collect$$libinit$$0000000E  c_p.l(libinit2.o)
    0x0800023c   0x0800023c   0x00000000   Code   RO         1607    .ARM.Collect$$libinit$$00000010  c_p.l(libinit2.o)
    0x0800023c   0x0800023c   0x00000006   Code   RO         1608    .ARM.Collect$$libinit$$00000011  c_p.l(libinit2.o)
    0x08000242   0x08000242   0x00000000   Code   RO         1610    .ARM.Collect$$libinit$$00000013  c_p.l(libinit2.o)
    0x08000242   0x08000242   0x0000000c   Code   RO         1611    .ARM.Collect$$libinit$$00000014  c_p.l(libinit2.o)
    0x0800024e   0x0800024e   0x00000000   Code   RO         1612    .ARM.Collect$$libinit$$00000015  c_p.l(libinit2.o)
    0x0800024e   0x0800024e   0x00000000   Code   RO         1614    .ARM.Collect$$libinit$$00000017  c_p.l(libinit2.o)
    0x0800024e   0x0800024e   0x0000000a   Code   RO         1615    .ARM.Collect$$libinit$$00000018  c_p.l(libinit2.o)
    0x08000258   0x08000258   0x00000000   Code   RO         1616    .ARM.Collect$$libinit$$00000019  c_p.l(libinit2.o)
    0x08000258   0x08000258   0x00000000   Code   RO         1618    .ARM.Collect$$libinit$$0000001B  c_p.l(libinit2.o)
    0x08000258   0x08000258   0x00000000   Code   RO         1620    .ARM.Collect$$libinit$$0000001D  c_p.l(libinit2.o)
    0x08000258   0x08000258   0x00000000   Code   RO         1622    .ARM.Collect$$libinit$$0000001F  c_p.l(libinit2.o)
    0x08000258   0x08000258   0x00000000   Code   RO         1624    .ARM.Collect$$libinit$$00000021  c_p.l(libinit2.o)
    0x08000258   0x08000258   0x00000000   Code   RO         1626    .ARM.Collect$$libinit$$00000023  c_p.l(libinit2.o)
    0x08000258   0x08000258   0x00000000   Code   RO         1628    .ARM.Collect$$libinit$$00000025  c_p.l(libinit2.o)
    0x08000258   0x08000258   0x00000000   Code   RO         1630    .ARM.Collect$$libinit$$00000027  c_p.l(libinit2.o)
    0x08000258   0x08000258   0x00000000   Code   RO         1634    .ARM.Collect$$libinit$$0000002E  c_p.l(libinit2.o)
    0x08000258   0x08000258   0x00000000   Code   RO         1636    .ARM.Collect$$libinit$$00000030  c_p.l(libinit2.o)
    0x08000258   0x08000258   0x00000000   Code   RO         1638    .ARM.Collect$$libinit$$00000032  c_p.l(libinit2.o)
    0x08000258   0x08000258   0x00000000   Code   RO         1640    .ARM.Collect$$libinit$$00000034  c_p.l(libinit2.o)
    0x08000258   0x08000258   0x00000002   Code   RO         1641    .ARM.Collect$$libinit$$00000035  c_p.l(libinit2.o)
    0x0800025a   0x0800025a   0x00000002   Code   RO         1678    .ARM.Collect$$libshutdown$$00000000  c_p.l(libshutdown.o)
    0x0800025c   0x0800025c   0x00000000   Code   RO         1706    .ARM.Collect$$libshutdown$$00000002  c_p.l(libshutdown2.o)
    0x0800025c   0x0800025c   0x00000000   Code   RO         1708    .ARM.Collect$$libshutdown$$00000004  c_p.l(libshutdown2.o)
    0x0800025c   0x0800025c   0x00000000   Code   RO         1711    .ARM.Collect$$libshutdown$$00000007  c_p.l(libshutdown2.o)
    0x0800025c   0x0800025c   0x00000000   Code   RO         1714    .ARM.Collect$$libshutdown$$0000000A  c_p.l(libshutdown2.o)
    0x0800025c   0x0800025c   0x00000000   Code   RO         1716    .ARM.Collect$$libshutdown$$0000000C  c_p.l(libshutdown2.o)
    0x0800025c   0x0800025c   0x00000000   Code   RO         1719    .ARM.Collect$$libshutdown$$0000000F  c_p.l(libshutdown2.o)
    0x0800025c   0x0800025c   0x00000002   Code   RO         1720    .ARM.Collect$$libshutdown$$00000010  c_p.l(libshutdown2.o)
    0x0800025e   0x0800025e   0x00000000   Code   RO         1349    .ARM.Collect$$rtentry$$00000000  c_p.l(__rtentry.o)
    0x0800025e   0x0800025e   0x00000000   Code   RO         1490    .ARM.Collect$$rtentry$$00000002  c_p.l(__rtentry2.o)
    0x0800025e   0x0800025e   0x00000006   Code   RO         1502    .ARM.Collect$$rtentry$$00000004  c_p.l(__rtentry4.o)
    0x08000264   0x08000264   0x00000000   Code   RO         1492    .ARM.Collect$$rtentry$$00000009  c_p.l(__rtentry2.o)
    0x08000264   0x08000264   0x00000004   Code   RO         1493    .ARM.Collect$$rtentry$$0000000A  c_p.l(__rtentry2.o)
    0x08000268   0x08000268   0x00000000   Code   RO         1495    .ARM.Collect$$rtentry$$0000000C  c_p.l(__rtentry2.o)
    0x08000268   0x08000268   0x00000008   Code   RO         1496    .ARM.Collect$$rtentry$$0000000D  c_p.l(__rtentry2.o)
    0x08000270   0x08000270   0x00000002   Code   RO         1580    .ARM.Collect$$rtexit$$00000000  c_p.l(rtexit.o)
    0x08000272   0x08000272   0x00000000   Code   RO         1647    .ARM.Collect$$rtexit$$00000002  c_p.l(rtexit2.o)
    0x08000272   0x08000272   0x00000004   Code   RO         1648    .ARM.Collect$$rtexit$$00000003  c_p.l(rtexit2.o)
    0x08000276   0x08000276   0x00000006   Code   RO         1649    .ARM.Collect$$rtexit$$00000004  c_p.l(rtexit2.o)
    0x0800027c   0x0800027c   0x00000038   Code   RO            4    .text               startup_stm32l073xx.o
    0x080002b4   0x080002b4   0x00000110   Code   RO         1303    .text               c_p.l(lludiv.o)
    0x080003c4   0x080003c4   0x0000002c   Code   RO         1305    .text               c_p.l(sprintf.o)
    0x080003f0   0x080003f0   0x00000012   Code   RO         1311    .text               c_p.l(aeabi_memset.o)
    0x08000402   0x08000402   0x00000040   Code   RO         1313    .text               c_p.l(rt_memclr.o)
    0x08000442   0x08000442   0x00000002   PAD
    0x08000444   0x08000444   0x0000016c   Code   RO         1315    .text               c_p.l(aeabi_sdiv.o)
    0x080005b0   0x080005b0   0x00000006   Code   RO         1319    .text               c_p.l(heapauxi.o)
    0x080005b6   0x080005b6   0x00000002   PAD
    0x080005b8   0x080005b8   0x00000448   Code   RO         1323    .text               fz_ps.l(ddiv.o)
    0x08000a00   0x08000a00   0x0000006c   Code   RO         1326    .text               fz_ps.l(dfixi.o)
    0x08000a6c   0x08000a6c   0x00000058   Code   RO         1328    .text               fz_ps.l(dflti.o)
    0x08000ac4   0x08000ac4   0x00000248   Code   RO         1330    .text               fz_ps.l(dmul.o)
    0x08000d0c   0x08000d0c   0x0000004e   Code   RO         1362    .text               c_p.l(_printf_pad.o)
    0x08000d5a   0x08000d5a   0x00000024   Code   RO         1364    .text               c_p.l(_printf_truncate.o)
    0x08000d7e   0x08000d7e   0x00000052   Code   RO         1366    .text               c_p.l(_printf_str.o)
    0x08000dd0   0x08000dd0   0x0000006c   Code   RO         1368    .text               c_p.l(_printf_dec.o)
    0x08000e3c   0x08000e3c   0x00000026   Code   RO         1370    .text               c_p.l(_printf_charcount.o)
    0x08000e62   0x08000e62   0x00000002   PAD
    0x08000e64   0x08000e64   0x00000030   Code   RO         1372    .text               c_p.l(_printf_char_common.o)
    0x08000e94   0x08000e94   0x0000000a   Code   RO         1374    .text               c_p.l(_sputc.o)
    0x08000e9e   0x08000e9e   0x00000002   PAD
    0x08000ea0   0x08000ea0   0x000000bc   Code   RO         1376    .text               c_p.l(_printf_wctomb.o)
    0x08000f5c   0x08000f5c   0x00000070   Code   RO         1379    .text               c_p.l(_printf_longlong_dec.o)
    0x08000fcc   0x08000fcc   0x00000070   Code   RO         1385    .text               c_p.l(_printf_oct_int_ll.o)
    0x0800103c   0x0800103c   0x00000098   Code   RO         1405    .text               c_p.l(_printf_hex_int_ll_ptr.o)
    0x080010d4   0x080010d4   0x00000188   Code   RO         1425    .text               c_p.l(__printf_flags_ss_wp.o)
    0x0800125c   0x0800125c   0x0000007a   Code   RO         1511    .text               c_p.l(lludiv10.o)
    0x080012d6   0x080012d6   0x000000b0   Code   RO         1513    .text               c_p.l(_printf_intcommon.o)
    0x08001386   0x08001386   0x00000002   PAD
    0x08001388   0x08001388   0x00000414   Code   RO         1515    .text               c_p.l(_printf_fp_dec.o)
    0x0800179c   0x0800179c   0x000002d8   Code   RO         1519    .text               c_p.l(_printf_fp_hex.o)
    0x08001a74   0x08001a74   0x0000002e   Code   RO         1524    .text               c_p.l(_printf_char.o)
    0x08001aa2   0x08001aa2   0x0000002e   Code   RO         1526    .text               c_p.l(_printf_wchar.o)
    0x08001ad0   0x08001ad0   0x00000042   Code   RO         1529    .text               c_p.l(_c16rtomb.o)
    0x08001b12   0x08001b12   0x00000028   Code   RO         1531    .text               c_p.l(rtudiv10.o)
    0x08001b3a   0x08001b3a   0x00000002   PAD
    0x08001b3c   0x08001b3c   0x00000008   Code   RO         1535    .text               c_p.l(libspace.o)
    0x08001b44   0x08001b44   0x0000003e   Code   RO         1538    .text               c_p.l(sys_stackheap_outer.o)
    0x08001b82   0x08001b82   0x00000002   PAD
    0x08001b84   0x08001b84   0x00000010   Code   RO         1541    .text               c_p.l(rt_ctype_table.o)
    0x08001b94   0x08001b94   0x00000008   Code   RO         1546    .text               c_p.l(rt_locale_intlibspace.o)
    0x08001b9c   0x08001b9c   0x00000088   Code   RO         1548    .text               c_p.l(_printf_fp_infnan.o)
    0x08001c24   0x08001c24   0x000000d8   Code   RO         1550    .text               c_p.l(bigflt0.o)
    0x08001cfc   0x08001cfc   0x00000580   Code   RO         1553    .text               c_p.l(btod.o)
    0x0800227c   0x0800227c   0x00000010   Code   RO         1563    .text               c_p.l(exit.o)
    0x0800228c   0x0800228c   0x00000088   Code   RO         1593    .text               c_p.l(strcmp.o)
    0x08002314   0x08002314   0x0000000c   Code   RO         1642    .text               c_p.l(sys_exit.o)
    0x08002320   0x08002320   0x00000002   Code   RO         1667    .text               c_p.l(use_no_semi.o)
    0x08002322   0x08002322   0x00000000   Code   RO         1669    .text               c_p.l(indicate_semi.o)
    0x08002322   0x08002322   0x0000000e   Code   RO          121    .text.Error_Handler  main.o
    0x08002330   0x08002330   0x00000044   Code   RO          409    .text.HAL_Delay     stm32l0xx_hal.o
    0x08002374   0x08002374   0x00000314   Code   RO          657    .text.HAL_GPIO_Init  stm32l0xx_hal_gpio.o
    0x08002688   0x08002688   0x0000002c   Code   RO          663    .text.HAL_GPIO_WritePin  stm32l0xx_hal_gpio.o
    0x080026b4   0x080026b4   0x0000000c   Code   RO          401    .text.HAL_GetTick   stm32l0xx_hal.o
    0x080026c0   0x080026c0   0x00000096   Code   RO          370    .text.HAL_I2CEx_ConfigAnalogFilter  stm32l0xx_hal_i2c_ex.o
    0x08002756   0x08002756   0x000000a0   Code   RO          372    .text.HAL_I2CEx_ConfigDigitalFilter  stm32l0xx_hal_i2c_ex.o
    0x080027f6   0x080027f6   0x00000002   PAD
    0x080027f8   0x080027f8   0x00000120   Code   RO          201    .text.HAL_I2C_Init  stm32l0xx_hal_i2c.o
    0x08002918   0x08002918   0x0000025c   Code   RO          265    .text.HAL_I2C_Mem_Write  stm32l0xx_hal_i2c.o
    0x08002b74   0x08002b74   0x00000070   Code   RO          178    .text.HAL_I2C_MspInit  stm32l0xx_hal_msp.o
    0x08002be4   0x08002be4   0x00000014   Code   RO          399    .text.HAL_IncTick   stm32l0xx_hal.o
    0x08002bf8   0x08002bf8   0x0000003c   Code   RO          389    .text.HAL_Init      stm32l0xx_hal.o
    0x08002c34   0x08002c34   0x00000070   Code   RO          391    .text.HAL_InitTick  stm32l0xx_hal.o
    0x08002ca4   0x08002ca4   0x00000020   Code   RO          176    .text.HAL_MspInit   stm32l0xx_hal_msp.o
    0x08002cc4   0x08002cc4   0x00000016   Code   RO          779    .text.HAL_NVIC_EnableIRQ  stm32l0xx_hal_cortex.o
    0x08002cda   0x08002cda   0x0000001c   Code   RO          775    .text.HAL_NVIC_SetPriority  stm32l0xx_hal_cortex.o
    0x08002cf6   0x08002cf6   0x00000002   PAD
    0x08002cf8   0x08002cf8   0x0000036c   Code   RO          494    .text.HAL_RCCEx_PeriphCLKConfig  stm32l0xx_hal_rcc_ex.o
    0x08003064   0x08003064   0x000002f8   Code   RO          467    .text.HAL_RCC_ClockConfig  stm32l0xx_hal_rcc.o
    0x0800335c   0x0800335c   0x0000000c   Code   RO          473    .text.HAL_RCC_GetHCLKFreq  stm32l0xx_hal_rcc.o
    0x08003368   0x08003368   0x0000001c   Code   RO          475    .text.HAL_RCC_GetPCLK1Freq  stm32l0xx_hal_rcc.o
    0x08003384   0x08003384   0x00000020   Code   RO          477    .text.HAL_RCC_GetPCLK2Freq  stm32l0xx_hal_rcc.o
    0x080033a4   0x080033a4   0x00000120   Code   RO          465    .text.HAL_RCC_GetSysClockFreq  stm32l0xx_hal_rcc.o
    0x080034c4   0x080034c4   0x00000870   Code   RO          463    .text.HAL_RCC_OscConfig  stm32l0xx_hal_rcc.o
    0x08003d34   0x08003d34   0x00000010   Code   RO          791    .text.HAL_SYSTICK_Config  stm32l0xx_hal_cortex.o
    0x08003d44   0x08003d44   0x000000cc   Code   RO         1104    .text.HAL_TIMEx_MasterConfigSynchronization  stm32l0xx_hal_tim_ex.o
    0x08003e10   0x08003e10   0x0000004c   Code   RO         1106    .text.HAL_TIMEx_RemapConfig  stm32l0xx_hal_tim_ex.o
    0x08003e5c   0x08003e5c   0x00000080   Code   RO          859    .text.HAL_TIM_Base_Init  stm32l0xx_hal_tim.o
    0x08003edc   0x08003edc   0x0000005c   Code   RO          184    .text.HAL_TIM_Base_MspInit  stm32l0xx_hal_msp.o
    0x08003f38   0x08003f38   0x000000ac   Code   RO          873    .text.HAL_TIM_Base_Start_IT  stm32l0xx_hal_tim.o
    0x08003fe4   0x08003fe4   0x00000220   Code   RO           93    .text.HAL_TIM_IC_CaptureCallback  main.o
    0x08004204   0x08004204   0x00000134   Code   RO         1015    .text.HAL_TIM_IC_ConfigChannel  stm32l0xx_hal_tim.o
    0x08004338   0x08004338   0x00000080   Code   RO          933    .text.HAL_TIM_IC_Init  stm32l0xx_hal_tim.o
    0x080043b8   0x080043b8   0x000000e0   Code   RO          182    .text.HAL_TIM_IC_MspInit  stm32l0xx_hal_msp.o
    0x08004498   0x08004498   0x000001e4   Code   RO          945    .text.HAL_TIM_IC_Start_IT  stm32l0xx_hal_tim.o
    0x0800467c   0x0800467c   0x000001ce   Code   RO          993    .text.HAL_TIM_IRQHandler  stm32l0xx_hal_tim.o
    0x0800484a   0x0800484a   0x00000008   Code   RO          997    .text.HAL_TIM_OC_DelayElapsedCallback  stm32l0xx_hal_tim.o
    0x08004852   0x08004852   0x00000008   Code   RO          999    .text.HAL_TIM_PWM_PulseFinishedCallback  stm32l0xx_hal_tim.o
    0x0800485a   0x0800485a   0x00000002   PAD
    0x0800485c   0x0800485c   0x00000240   Code   RO           99    .text.HAL_TIM_PeriodElapsedCallback  main.o
    0x08004a9c   0x08004a9c   0x00000080   Code   RO         1067    .text.HAL_TIM_ReadCapturedValue  stm32l0xx_hal_tim.o
    0x08004b1c   0x08004b1c   0x00000008   Code   RO         1003    .text.HAL_TIM_TriggerCallback  stm32l0xx_hal_tim.o
    0x08004b24   0x08004b24   0x000000b0   Code   RO         1115    .text.HAL_UART_Init  stm32l0xx_hal_uart.o
    0x08004bd4   0x08004bd4   0x00000070   Code   RO          190    .text.HAL_UART_MspInit  stm32l0xx_hal_msp.o
    0x08004c44   0x08004c44   0x00000164   Code   RO         1135    .text.HAL_UART_Transmit  stm32l0xx_hal_uart.o
    0x08004da8   0x08004da8   0x00000004   Code   RO          155    .text.HardFault_Handler  stm32l0xx_it.o
    0x08004dac   0x08004dac   0x00000040   Code   RO          225    .text.I2C_Flush_TXDR  stm32l0xx_hal_i2c.o
    0x08004dec   0x08004dec   0x000001f8   Code   RO          361    .text.I2C_IsErrorOccurred  stm32l0xx_hal_i2c.o
    0x08004fe4   0x08004fe4   0x000000bc   Code   RO          267    .text.I2C_RequestMemoryWrite  stm32l0xx_hal_i2c.o
    0x080050a0   0x080050a0   0x00000054   Code   RO          213    .text.I2C_TransferConfig  stm32l0xx_hal_i2c.o
    0x080050f4   0x080050f4   0x000000c2   Code   RO          211    .text.I2C_WaitOnFlagUntilTimeout  stm32l0xx_hal_i2c.o
    0x080051b6   0x080051b6   0x000000a0   Code   RO          217    .text.I2C_WaitOnSTOPFlagUntilTimeout  stm32l0xx_hal_i2c.o
    0x08005256   0x08005256   0x000000ac   Code   RO          215    .text.I2C_WaitOnTXISFlagUntilTimeout  stm32l0xx_hal_i2c.o
    0x08005302   0x08005302   0x00000002   PAD
    0x08005304   0x08005304   0x0000006c   Code   RO          107    .text.MX_GPIO_Init  main.o
    0x08005370   0x08005370   0x0000006c   Code   RO          113    .text.MX_I2C1_Init  main.o
    0x080053dc   0x080053dc   0x00000078   Code   RO          109    .text.MX_TIM2_Init  main.o
    0x08005454   0x08005454   0x00000090   Code   RO          111    .text.MX_TIM3_Init  main.o
    0x080054e4   0x080054e4   0x00000054   Code   RO          115    .text.MX_TIM6_Init  main.o
    0x08005538   0x08005538   0x00000058   Code   RO          117    .text.MX_TIM7_Init  main.o
    0x08005590   0x08005590   0x00000044   Code   RO          119    .text.MX_USART2_UART_Init  main.o
    0x080055d4   0x080055d4   0x00000004   Code   RO          153    .text.NMI_Handler   stm32l0xx_it.o
    0x080055d8   0x080055d8   0x00000012   Code   RO          101    .text.OLED_Init     main.o
    0x080055ea   0x080055ea   0x00000002   Code   RO          159    .text.PendSV_Handler  stm32l0xx_it.o
    0x080055ec   0x080055ec   0x00000002   Code   RO          157    .text.SVC_Handler   stm32l0xx_it.o
    0x080055ee   0x080055ee   0x00000002   PAD
    0x080055f0   0x080055f0   0x00000050   Code   RO          793    .text.SysTick_Config  stm32l0xx_hal_cortex.o
    0x08005640   0x08005640   0x00000008   Code   RO          161    .text.SysTick_Handler  stm32l0xx_it.o
    0x08005648   0x08005648   0x000000a8   Code   RO          105    .text.SystemClock_Config  main.o
    0x080056f0   0x080056f0   0x00000002   Code   RO         1287    .text.SystemInit    system_stm32l0xx.o
    0x080056f2   0x080056f2   0x00000002   PAD
    0x080056f4   0x080056f4   0x00000010   Code   RO          163    .text.TIM2_IRQHandler  stm32l0xx_it.o
    0x08005704   0x08005704   0x00000010   Code   RO          165    .text.TIM3_IRQHandler  stm32l0xx_it.o
    0x08005714   0x08005714   0x00000010   Code   RO          167    .text.TIM6_DAC_IRQHandler  stm32l0xx_it.o
    0x08005724   0x08005724   0x000000cc   Code   RO          863    .text.TIM_Base_SetConfig  stm32l0xx_hal_tim.o
    0x080057f0   0x080057f0   0x00000032   Code   RO          897    .text.TIM_CCxChannelCmd  stm32l0xx_hal_tim.o
    0x08005822   0x08005822   0x00000002   PAD
    0x08005824   0x08005824   0x000000c0   Code   RO         1017    .text.TIM_TI1_SetConfig  stm32l0xx_hal_tim.o
    0x080058e4   0x080058e4   0x0000006e   Code   RO         1019    .text.TIM_TI2_SetConfig  stm32l0xx_hal_tim.o
    0x08005952   0x08005952   0x0000006c   Code   RO         1021    .text.TIM_TI3_SetConfig  stm32l0xx_hal_tim.o
    0x080059be   0x080059be   0x00000072   Code   RO         1023    .text.TIM_TI4_SetConfig  stm32l0xx_hal_tim.o
    0x08005a30   0x08005a30   0x00000038   Code   RO           95    .text.TriggerSensor1  main.o
    0x08005a68   0x08005a68   0x00000038   Code   RO           97    .text.TriggerSensor2  main.o
    0x08005aa0   0x08005aa0   0x0000015a   Code   RO         1119    .text.UART_AdvFeatureConfig  stm32l0xx_hal_uart.o
    0x08005bfa   0x08005bfa   0x00000002   PAD
    0x08005bfc   0x08005bfc   0x0000015c   Code   RO         1123    .text.UART_CheckIdleState  stm32l0xx_hal_uart.o
    0x08005d58   0x08005d58   0x000000b0   Code   RO         1171    .text.UART_EndRxTransfer  stm32l0xx_hal_uart.o
    0x08005e08   0x08005e08   0x00000504   Code   RO         1121    .text.UART_SetConfig  stm32l0xx_hal_uart.o
    0x0800630c   0x0800630c   0x00000108   Code   RO         1137    .text.UART_WaitOnFlagUntilTimeout  stm32l0xx_hal_uart.o
    0x08006414   0x08006414   0x0000002c   Code   RO          781    .text.__NVIC_EnableIRQ  stm32l0xx_hal_cortex.o
    0x08006440   0x08006440   0x00000084   Code   RO          777    .text.__NVIC_SetPriority  stm32l0xx_hal_cortex.o
    0x080064c4   0x080064c4   0x00000028   Code   RO           91    .text.delay         main.o
    0x080064ec   0x080064ec   0x00000058   Code   RO          103    .text.main          main.o
    0x08006544   0x08006544   0x00000078   Code   RO           29    .text.ssd1306_DrawPixel  ssd1306.o
    0x080065bc   0x080065bc   0x0000002c   Code   RO           25    .text.ssd1306_Fill  ssd1306.o
    0x080065e8   0x080065e8   0x000000d0   Code   RO           19    .text.ssd1306_Init  ssd1306.o
    0x080066b8   0x080066b8   0x00000002   Code   RO           11    .text.ssd1306_Reset  ssd1306.o
    0x080066ba   0x080066ba   0x00000020   Code   RO           23    .text.ssd1306_SetContrast  ssd1306.o
    0x080066da   0x080066da   0x00000002   PAD
    0x080066dc   0x080066dc   0x0000001c   Code   RO           35    .text.ssd1306_SetCursor  ssd1306.o
    0x080066f8   0x080066f8   0x0000003c   Code   RO           21    .text.ssd1306_SetDisplayOn  ssd1306.o
    0x08006734   0x08006734   0x00000050   Code   RO           27    .text.ssd1306_UpdateScreen  ssd1306.o
    0x08006784   0x08006784   0x00000140   Code   RO           31    .text.ssd1306_WriteChar  ssd1306.o
    0x080068c4   0x080068c4   0x00000024   Code   RO           13    .text.ssd1306_WriteCommand  ssd1306.o
    0x080068e8   0x080068e8   0x0000002c   Code   RO           15    .text.ssd1306_WriteData  ssd1306.o
    0x08006914   0x08006914   0x00000068   Code   RO           33    .text.ssd1306_WriteString  ssd1306.o
    0x0800697c   0x0800697c   0x00000030   Code   RO         1556    i.__ARM_common_ll_muluu  c_p.l(btod.o)
    0x080069ac   0x080069ac   0x0000002c   Code   RO         1577    i.__ARM_fpclassify  m_ps.l(fpclassify.o)
    0x080069d8   0x080069d8   0x0000000e   Code   RO         1418    i._is_digit         c_p.l(__printf_wp.o)
    0x080069e6   0x080069e6   0x00000002   PAD
    0x080069e8   0x080069e8   0x0000002c   Code   RO         1561    locale$$code        c_p.l(lc_numeric_c.o)
    0x08006a14   0x08006a14   0x0000002c   Code   RO         1587    locale$$code        c_p.l(lc_ctype_c.o)
    0x08006a40   0x08006a40   0x00000010   Code   RO         1459    x$fpl$printf1       fz_ps.l(printf1.o)
    0x08006a50   0x08006a50   0x00000010   Code   RO         1461    x$fpl$printf2       fz_ps.l(printf2.o)
    0x08006a60   0x08006a60   0x00000000   Code   RO         1467    x$fpl$usenofp       fz_ps.l(usenofp.o)
    0x08006a60   0x08006a60   0x00000080   Data   RO         1324    .constdata          fz_ps.l(ddiv.o)
    0x08006ae0   0x08006ae0   0x00000008   Data   RO         1377    .constdata          c_p.l(_printf_wctomb.o)
    0x08006ae8   0x08006ae8   0x00000028   Data   RO         1406    .constdata          c_p.l(_printf_hex_int_ll_ptr.o)
    0x08006b10   0x08006b10   0x00000011   Data   RO         1426    .constdata          c_p.l(__printf_flags_ss_wp.o)
    0x08006b21   0x08006b21   0x00000026   Data   RO         1520    .constdata          c_p.l(_printf_fp_hex.o)
    0x08006b47   0x08006b47   0x00000001   PAD
    0x08006b48   0x08006b48   0x00000094   Data   RO         1551    .constdata          c_p.l(bigflt0.o)
    0x08006bdc   0x08006bdc   0x00000010   Data   RO         1292    .rodata.AHBPrescTable  system_stm32l0xx.o
    0x08006bec   0x08006bec   0x00000008   Data   RO         1293    .rodata.APBPrescTable  system_stm32l0xx.o
    0x08006bf4   0x08006bf4   0x000005f0   Data   RO           73    .rodata.Font6x8     ssd1306_fonts.o
    0x080071e4   0x080071e4   0x0000000c   Data   RO           74    .rodata.Font_6x8    ssd1306_fonts.o
    0x080071f0   0x080071f0   0x00000009   Data   RO         1294    .rodata.PLLMulTable  system_stm32l0xx.o
    0x080071f9   0x080071f9   0x00000042   Data   RO          140    .rodata.str1.1      main.o
    0x0800723b   0x0800723b   0x00000001   PAD
    0x0800723c   0x0800723c   0x00000020   Data   RO         1721    Region$$Table       anon$$obj.o
    0x0800725c   0x0800725c   0x0000001c   Data   RO         1560    locale$$data        c_p.l(lc_numeric_c.o)
    0x08007278   0x08007278   0x00000110   Data   RO         1586    locale$$data        c_p.l(lc_ctype_c.o)


    Execution Region RW_IRAM1 (Exec base: 0x20000000, Load base: 0x08007388, Size: 0x00000aa0, Max: 0x00005000, ABSOLUTE)

    Exec Addr    Load Addr    Size         Type   Attr      Idx    E Section Name        Object

    0x20000000   0x08007388   0x00000004   Data   RW         1291    .data.SystemCoreClock  system_stm32l0xx.o
    0x20000004   0x0800738c   0x00000001   Data   RW          452    .data.uwTickFreq    stm32l0xx_hal.o
    0x20000005   0x0800738d   0x00000003   PAD
    0x20000008   0x08007390   0x00000004   Data   RW          451    .data.uwTickPrio    stm32l0xx_hal.o
    0x2000000c   0x08007394   0x00000004   PAD
    0x20000010        -       0x00000060   Zero   RW         1536    .bss                c_p.l(libspace.o)
    0x20000070        -       0x00000004   Zero   RW          127    .bss.Difference     main.o
    0x20000074        -       0x00000004   Zero   RW          128    .bss.Difference_2   main.o
    0x20000078        -       0x00000002   Zero   RW          131    .bss.Distance       main.o
    0x2000007a        -       0x00000002   Zero   RW          132    .bss.Distance_2     main.o
    0x2000007c        -       0x00000001   Zero   RW          137    .bss.HAL_TIM_PeriodElapsedCallback.cycle_counter  main.o
    0x2000007d   0x08007394   0x00000003   PAD
    0x20000080        -       0x00000004   Zero   RW          123    .bss.IC_Val1        main.o
    0x20000084        -       0x00000004   Zero   RW          124    .bss.IC_Val1_2      main.o
    0x20000088        -       0x00000004   Zero   RW          125    .bss.IC_Val2        main.o
    0x2000008c        -       0x00000004   Zero   RW          126    .bss.IC_Val2_2      main.o
    0x20000090        -       0x00000002   Zero   RW          129    .bss.Is_First_Captured  main.o
    0x20000092        -       0x00000002   Zero   RW          130    .bss.Is_First_Captured_2  main.o
    0x20000094        -       0x00000006   Zero   RW           64    .bss.SSD1306        ssd1306.o
    0x2000009a        -       0x00000200   Zero   RW           63    .bss.SSD1306_Buffer  ssd1306.o
    0x2000029a        -       0x00000001   Zero   RW          134    .bss.buffer_index   main.o
    0x2000029b   0x08007394   0x00000001   PAD
    0x2000029c        -       0x00000054   Zero   RW          143    .bss.hi2c1          main.o
    0x200002f0        -       0x00000040   Zero   RW          135    .bss.htim2          main.o
    0x20000330        -       0x00000040   Zero   RW          136    .bss.htim3          main.o
    0x20000370        -       0x00000040   Zero   RW          142    .bss.htim6          main.o
    0x200003b0        -       0x00000040   Zero   RW          144    .bss.htim7          main.o
    0x200003f0        -       0x00000088   Zero   RW          141    .bss.huart2         main.o
    0x20000478        -       0x0000000e   Zero   RW          138    .bss.sensor1_buffer  main.o
    0x20000486        -       0x0000000e   Zero   RW          139    .bss.sensor2_buffer  main.o
    0x20000494        -       0x00000002   Zero   RW          133    .bss.skirtumas_pc   main.o
    0x20000496   0x08007394   0x00000002   PAD
    0x20000498        -       0x00000004   Zero   RW          453    .bss.uwTick         stm32l0xx_hal.o
    0x2000049c   0x08007394   0x00000004   PAD
    0x200004a0        -       0x00000200   Zero   RW            2    HEAP                startup_stm32l073xx.o
    0x200006a0        -       0x00000400   Zero   RW            1    STACK               startup_stm32l073xx.o


==============================================================================

Image component sizes


      Code (inc. data)   RO Data    RW Data    ZI Data      Debug   Object Name

      2280        184         66          0        540      12777   main.o
      1078         12          0          0        518      10082   ssd1306.o
         0          0       1532          0          0       1198   ssd1306_fonts.o
        56         26        192          0       1536        624   startup_stm32l073xx.o
       272         28          0          5          4       6666   stm32l0xx_hal.o
       322         24          0          0          0       6465   stm32l0xx_hal_cortex.o
       832         44          0          0          0       4751   stm32l0xx_hal_gpio.o
      2258         24          0          0          0      38136   stm32l0xx_hal_i2c.o
       310          0          0          0          0       5300   stm32l0xx_hal_i2c_ex.o
       572         56          0          0          0       9487   stm32l0xx_hal_msp.o
      3280        168          0          0          0       8910   stm32l0xx_hal_rcc.o
       876         24          0          0          0       7985   stm32l0xx_hal_rcc_ex.o
      2612        148          0          0          0      35138   stm32l0xx_hal_tim.o
       280          0          0          0          0       4181   stm32l0xx_hal_tim_ex.o
      2950        232          0          0          0      35296   stm32l0xx_hal_uart.o
        68         12          0          0          0        985   stm32l0xx_it.o
         2          0         33          4          0       1942   system_stm32l0xx.o

    ----------------------------------------------------------------------
     18066        982       1856         12       2612     189923   Object Totals
         0          0         32          0          0          0   (incl. Generated)
        18          0          1          3         14          0   (incl. Padding)

    ----------------------------------------------------------------------

      Code (inc. data)   RO Data    RW Data    ZI Data      Debug   Library Member Name

         8          0          0          0          0         68   __main.o
       392          6         17          0          0         76   __printf_flags_ss_wp.o
        14          0          0          0          0         60   __printf_wp.o
         0          0          0          0          0          0   __rtentry.o
        12          0          0          0          0          0   __rtentry2.o
         6          0          0          0          0          0   __rtentry4.o
        86         10          0          0          0          0   __scatter.o
        26          0          0          0          0          0   __scatter_copy.o
        28          0          0          0          0          0   __scatter_zi.o
        66          0          0          0          0         76   _c16rtomb.o
        10          0          0          0          0          0   _printf_a.o
        10          0          0          0          0          0   _printf_c.o
        46          0          0          0          0        100   _printf_char.o
        48          6          0          0          0         88   _printf_char_common.o
        38          0          0          0          0         60   _printf_charcount.o
        10          0          0          0          0          0   _printf_d.o
       108         18          0          0          0         76   _printf_dec.o
        10          0          0          0          0          0   _printf_e.o
        10          0          0          0          0          0   _printf_f.o
      1044         12          0          0          0        116   _printf_fp_dec.o
       728         10         38          0          0         84   _printf_fp_hex.o
       136         16          0          0          0         76   _printf_fp_infnan.o
        10          0          0          0          0          0   _printf_g.o
       152          4         40          0          0        148   _printf_hex_int_ll_ptr.o
        10          0          0          0          0          0   _printf_i.o
       176          0          0          0          0         84   _printf_intcommon.o
        10          0          0          0          0          0   _printf_l.o
        10          0          0          0          0          0   _printf_lc.o
        10          0          0          0          0          0   _printf_ll.o
        10          0          0          0          0          0   _printf_lld.o
        10          0          0          0          0          0   _printf_lli.o
        10          0          0          0          0          0   _printf_llo.o
        10          0          0          0          0          0   _printf_llu.o
        10          0          0          0          0          0   _printf_llx.o
       112         18          0          0          0         76   _printf_longlong_dec.o
        10          0          0          0          0          0   _printf_ls.o
        10          0          0          0          0          0   _printf_n.o
        10          0          0          0          0          0   _printf_o.o
       112         10          0          0          0        112   _printf_oct_int_ll.o
        10          0          0          0          0          0   _printf_p.o
        78          0          0          0          0        100   _printf_pad.o
         2          0          0          0          0          0   _printf_percent.o
         4          0          0          0          0          0   _printf_percent_end.o
        10          0          0          0          0          0   _printf_s.o
        82          0          0          0          0         72   _printf_str.o
        36          0          0          0          0         76   _printf_truncate.o
        10          0          0          0          0          0   _printf_u.o
        46          0          0          0          0        100   _printf_wchar.o
       188          6          8          0          0         80   _printf_wctomb.o
        10          0          0          0          0          0   _printf_x.o
        10          0          0          0          0         60   _sputc.o
        18          0          0          0          0         68   aeabi_memset.o
       364          4          0          0          0         92   aeabi_sdiv.o
       216          6        148          0          0         80   bigflt0.o
      1456         30          0          0          0        336   btod.o
        16          0          0          0          0         68   exit.o
         6          0          0          0          0        136   heapauxi.o
         0          0          0          0          0          0   indicate_semi.o
        44         10        272          0          0         76   lc_ctype_c.o
        44         10         28          0          0         76   lc_numeric_c.o
         2          0          0          0          0          0   libinit.o
        30          0          0          0          0          0   libinit2.o
         2          0          0          0          0          0   libshutdown.o
         2          0          0          0          0          0   libshutdown2.o
         8          4          0          0         96         68   libspace.o
       272          0          0          0          0         88   lludiv.o
       122          0          0          0          0         72   lludiv10.o
        16          4          0          0          0         76   rt_ctype_table.o
         8          4          0          0          0         68   rt_locale_intlibspace.o
        64          0          0          0          0        108   rt_memclr.o
         2          0          0          0          0          0   rtexit.o
        10          0          0          0          0          0   rtexit2.o
        40          0          0          0          0         60   rtudiv10.o
        44          4          0          0          0         84   sprintf.o
       136          4          0          0          0         72   strcmp.o
        12          4          0          0          0         60   sys_exit.o
        62          0          0          0          0         80   sys_stackheap_outer.o
         2          0          0          0          0         68   use_no_semi.o
      1096         26        128          0          0        112   ddiv.o
       108         10          0          0          0         72   dfixi.o
        88          0          0          0          0         92   dflti.o
       584         26          0          0          0         84   dmul.o
        16          4          0          0          0         76   printf1.o
        16          4          0          0          0         76   printf2.o
         0          0          0          0          0          0   usenofp.o
        44          4          0          0          0         60   fpclassify.o

    ----------------------------------------------------------------------
      8974        274        680          0         96       4196   Library Totals
        20          0          1          0          0          0   (incl. Padding)

    ----------------------------------------------------------------------

      Code (inc. data)   RO Data    RW Data    ZI Data      Debug   Library Name

      7002        200        551          0         96       3624   c_p.l
      1908         70        128          0          0        512   fz_ps.l
        44          4          0          0          0         60   m_ps.l

    ----------------------------------------------------------------------
      8974        274        680          0         96       4196   Library Totals

    ----------------------------------------------------------------------

==============================================================================


      Code (inc. data)   RO Data    RW Data    ZI Data      Debug   

     27040       1256       2536         12       2708     191911   Grand Totals
     27040       1256       2536         12       2708     191911   ELF Image Totals
     27040       1256       2536         12          0          0   ROM Totals

==============================================================================

    Total RO  Size (Code + RO Data)                29576 (  28.88kB)
    Total RW  Size (RW Data + ZI Data)              2720 (   2.66kB)
    Total ROM Size (Code + RO Data + RW Data)      29588 (  28.89kB)

==============================================================================

